c --- [ banner ] -------------------------------------------------------------
c 
c CaDiCaL SAT Solver
c Copyright (c) 2016-2026
c A. Biere, M. Fleury, N. Froleyks, K. Fazekas, F. Pollitt, T. Faller
c JKU Linz, University of Freiburg, TU Wien
c 
c Version 3.0.1
c g++.exe (Rev3, Built by MSYS2 project) 16.2.0 -Wall -Wextra -O3 -DNDEBUG -DNUNLOCKED -DNCLOSEFROM
c Sat Aug 29 18:00:44 CST 2026 MINGW64_NT-10.0-26200 LAPTOP-TRJ5SOMK 3.6.10-8fbd9808.x86_64 x86_64
c 
c --- [ proof tracing ] ------------------------------------------------------
c 
c opening file to write 'E:/OrderedRamseyZ3_upload/proofs/n13_N17_ascii.drat'
c writing non-binary proof trace to 'E:/OrderedRamseyZ3_upload/proofs/n13_N17_ascii.drat'
c 
c --- [ parsing input ] ------------------------------------------------------
c 
c reading DIMACS file from 'E:/OrderedRamseyZ3_upload/cnf/n13_N17.cnf'
c opening file to read 'E:/OrderedRamseyZ3_upload/cnf/n13_N17.cnf'
c found 'p cnf 136 3060' header
c parsed 3060 clauses in 0.00 seconds process time
c 
c --- [ options ] ------------------------------------------------------------
c 
c   --binary=false                 (different from default 'true')
c 
c --- [ solving ] ------------------------------------------------------------
c 
c time measured in process time since initialization
c 
c  seconds  reduction conflicts       size tier2     variables
c         MB    restarts   redundant    glue  trail      remaining
c          level     rate       size/glu tier1 irredundant
c 
c *  0.00  6  0 0   0  0    0    0 0.0 0 0 2 6  0% 3060 135 99%
c )  0.00  6  0 0   0  0    0    0 0.0 0 0 2 6  0% 3060 135 99%
c {  0.00  6  0 0   0  0    0    0 0.0 0 0 2 6  0% 3060 135 99%
c -  0.02  6 48 1   0  1  301   82 1.3 16 13 2 6 81% 3060 135 99%
c -  0.02  6 45 2   0  1  735  213 1.5 16 11 2 6 79% 3060 135 99%
c }  0.02  7 36 2   8  1 1002  311 1.4 14 10 2 6 76% 3060 135 99%
c [  0.02  7  0 2   8  0 1002  311 0.0 0 0 2 6  0% 3060 135 99%
c O  0.02  7 72 2   8 73 1003  312 1.1 16 15 2 6 75% 3060 135 99%
c -  0.02  7 29 3   8  1 1413  331 1.3 13 10 2 6 60% 3060 135 99%
c ]  0.03  7 24 3   8  1 1535  386 1.3 12 9 2 6 58% 3060 135 99%
c {  0.03  7 36 3   8  1 1535  386 1.4 14 10 2 6 76% 3060 135 99%
c -  0.03  7 24 4   8  1 2353  596 1.5 13 8 2 6 71% 3060 135 99%
c #  0.05  7 19 4   8  1 3004  850 1.5 11 8 2 6 68% 3060 135 99%
c i  0.05  7 19 4   8  1 3049  865 1.5 11 8 2 6 68% 3060 119 88%
c i  0.05  8 17 4   8  1 3405  992 1.5 11 7 2 6 68% 3060 118 87%
c -  0.05  7 17 5   8  1 3566  264 1.5 10 7 2 6 68% 1569 118 87%
c p  0.05  7 16 5   8  1 3719  358 1.5 10 7 2 6 68% 1569 118 87%
c u  0.05  7 16 5   8  1 3719  347 1.5 10 7 2 6 68% 1569 117 86%
c v  0.05  7 16 5   8  1 3719  238 1.5 10 7 2 6 68% 1569 117 86%
c w  0.05  7 16 5   8  1 3719  238 1.5 10 7 2 6 68% 1569 117 86%
c 
c  seconds  reduction conflicts       size  tier2     variables
c         MB    restarts   redundant     glue  trail      remaining
c          level     rate       size/glue tier1 irredundant
c 
c x  0.05  7 16 5   8  1 3719  238 1.5 10 7 2 6 68% 1551 117 86%
c i  0.05  7 16 5   8  1 3896  299 1.5 10 7 2 6 68% 1551 105 77%
c i  0.05  7 16 5   8  1 3962  326 1.5 10 7 2 6 68% 1551  95 70%
c i  0.06  7 16 5   8  1 3966  327 1.5 10 7 2 6 68% 1551  94 69%
c i  0.06  7 15 5   8  1 3976  332 1.5 10 7 2 6 68% 1551  81 60%
c }  0.06  7 15 5   8  1 3978  332 1.5 10 7 2 6 68% 1551  68 50%
c 0  0.06  7 15 5   8  1 3978  332 1.5 10 7 2 6 68% 1551  68 50%
c 
c --- [ closing proof ] ------------------------------------------------------
c 
c DRAT proof file 'E:/OrderedRamseyZ3_upload/proofs/n13_N17_ascii.drat' closed
c DRAT 4839 added clauses 44.86%
c DRAT 5948 deleted clauses 55.14%
c DRAT 491901 bytes (0.47 MB)
c 
c --- [ result ] -------------------------------------------------------------
c 
s UNSATISFIABLE
c 
c --- [ run-time profiling ] -------------------------------------------------
c 
c process time taken by individual solving procedures
c (percentage relative to process time for solving)
c 
c         0.06  100.00% search
c         0.05   75.00% unstable
c         0.02   25.00% stable
c         0.00    0.00% simplify
c         0.00    0.00% parse
c   =================================
c         0.06  100.00% solve
c 
c last line shows process time for solving
c (percentage relative to total process time)
c 
c --- [ statistics ] ---------------------------------------------------------
c 
c chronological:               443        11.14 %  of conflicts
c conflicts:                  3978     63648.00    per second
c backbone:                   3081      2265.44 %  of vars
c decisions:                  4339     69424.00    per second
c fixed:                        67        49.26 %  of all variables
c learned:                    3737        93.94 %  per conflict
c learned_lits:              57746       100.00 %  learned literals
c minimized:                     0         0.00 %  learned literals
c shrunken:                  17636        30.54 %  learned literals
c minishrunken:               1371         2.37 %  learned literals
c otfs:                        190         4.78 %  of conflict
c propagations:              87064         1.39 M  per second
c reduced:                     882        22.17 %  per conflict
c rephased:                      2      1989.00    interval
c restarts:                      8       497.25    interval
c stabilizing:                   1        12.59 %  of conflicts
c subsumed:                   1659        24.30 %  of all clauses
c strengthened:                228         3.34 %  of all clauses
c ticks:                   1915021        24.83    propagation
c vivified:                     56         0.82 %  of all clauses
c 
c seconds are measured in process time for solving
c 
c --- [ glue usage ] ---------------------------------------------------------
c 
c focused glue 5 used 1008 clauses 16.26% accumulated 58.57% tier1
c focused glue 6 used 687 clauses 11.08% accumulated 69.66%
c focused glue 7 used 433 clauses 6.987% accumulated 76.64% tier2
c 
c stable glue 2 used 0 clauses 0.000% accumulated 0.000% tier1
c stable glue 3 used 0 clauses 0.000% accumulated 0.000%
c stable glue 4 used 16 clauses 2.088% accumulated 2.088%
c stable glue 5 used 73 clauses 9.530% accumulated 11.61%
c stable glue 6 used 118 clauses 15.40% accumulated 27.02% tier2
c 
c 
c --- [ resources ] ----------------------------------------------------------
c 
c total process time since initialization:         0.06    seconds
c total real time since initialization:            0.06    seconds
c maximum resident set size of process:            7.64    MB
c 
c --- [ shutting down ] ------------------------------------------------------
c 
c exit 20
