c --- [ banner ] -------------------------------------------------------------
c 
c CaDiCaL SAT Solver
c Copyright (c) 2016-2026
c A. Biere, M. Fleury, N. Froleyks, K. Fazekas, F. Pollitt, T. Faller
c JKU Linz, University of Freiburg, TU Wien
c 
c Version 3.0.1
c g++.exe (Rev3, Built by MSYS2 project) 16.2.0 -Wall -Wextra -O3 -DNDEBUG -DNUNLOCKED -DNCLOSEFROM
c Sat Aug 29 18:00:44 CST 2026 MINGW64_NT-10.0-26200 LAPTOP-TRJ5SOMK 3.6.10-8fbd9808.x86_64 x86_64
c 
c --- [ proof tracing ] ------------------------------------------------------
c 
c opening file to write 'E:/OrderedRamseyZ3_upload/proofs/n14_N18_ascii.drat'
c writing non-binary proof trace to 'E:/OrderedRamseyZ3_upload/proofs/n14_N18_ascii.drat'
c 
c --- [ parsing input ] ------------------------------------------------------
c 
c reading DIMACS file from 'E:/OrderedRamseyZ3_upload/cnf/n14_N18.cnf'
c opening file to read 'E:/OrderedRamseyZ3_upload/cnf/n14_N18.cnf'
c found 'p cnf 153 3876' header
c parsed 3876 clauses in 0.02 seconds process time
c 
c --- [ options ] ------------------------------------------------------------
c 
c   --binary=false                 (different from default 'true')
c 
c --- [ solving ] ------------------------------------------------------------
c 
c time measured in process time since initialization
c 
c  seconds  reduction conflicts       size tier2     variables
c         MB    restarts   redundant    glue  trail      remaining
c          level     rate       size/glu tier1 irredundant
c 
c *  0.02  6  0 0   0  0    0    0 0.0 0 0 2 6  0% 3876 152 99%
c )  0.02  7  0 0   0  0    0    0 0.0 0 0 2 6  0% 3876 152 99%
c {  0.02  7  0 0   0  0    0    0 0.0 0 0 2 6  0% 3876 152 99%
c -  0.02  7 57 1   0  1  304   66 1.2 18 15 2 6 79% 3876 152 99%
c -  0.02  7 54 2   0  1  739  159 1.3 17 13 2 6 81% 3876 152 99%
c }  0.03  7 53 2   7  1 1002  359 1.3 17 13 2 6 81% 3876 152 99%
c [  0.03  7  0 2   7  0 1002  359 0.0 0 0 2 6  0% 3876 152 99%
c O  0.03  7 87 2   7 88 1003  360 1.1 17 16 2 6 64% 3876 152 99%
c -  0.03  7 42 3   7  1 1418  254 1.3 15 11 2 6 57% 3876 152 99%
c -  0.05  7 18 4   8  1 2362  441 1.4 12 8 2 6 57% 3876 152 99%
c I  0.05  7 15 4   8  1 3006  771 1.5 12 8 2 6 59% 3876 152 99%
c ]  0.05  7 14 4   8  1 3213  863 1.5 11 8 2 6 60% 3876 152 99%
c {  0.05  7 53 4   8  1 3213  863 1.3 17 13 2 6 81% 3876 152 99%
c -  0.06  7 41 5   8  1 3581  802 1.3 15 11 2 6 76% 3876 152 99%
c i  0.06  7 35 5   8  1 3821  872 1.4 14 10 2 6 74% 3876 151 99%
c i  0.06  7 23 5   8  1 5034 1398 1.4 12 8 5 8 68% 3876 136 89%
c -  0.08  7 23 6   8  1 5077  396 1.4 12 8 5 8 68% 3033 136 89%
c i  0.08  7 22 6   8  1 5359  561 1.4 11 8 5 8 67% 3033 103 67%
c i  0.08  7 21 6   8  1 5399  579 1.4 11 8 5 8 67% 3033  90 59%
c i  0.08  7 21 6   8  1 5402  579 1.4 11 8 5 8 67% 3033  89 58%
c 
c  seconds  reduction conflicts       size  tier2     variables
c         MB    restarts   redundant     glue  trail      remaining
c          level     rate       size/glue tier1 irredundant
c 
c i  0.08  7 21 6   8  1 5404  580 1.4 11 8 5 8 67% 3033  88 58%
c i  0.08  7 21 6   8  1 5405  580 1.4 11 8 5 8 67% 3033  87 57%
c i  0.08  7 21 6   8  1 5407  581 1.4 11 8 5 8 67% 3033  86 56%
c }  0.08  7 21 6   8  1 5410  582 1.4 11 8 5 8 67% 3033  66 43%
c 0  0.08  7 21 6   8  1 5410  582 1.4 11 8 5 8 67% 3033  66 43%
c 
c --- [ closing proof ] ------------------------------------------------------
c 
c DRAT proof file 'E:/OrderedRamseyZ3_upload/proofs/n14_N18_ascii.drat' closed
c DRAT 7474 added clauses 49.42%
c DRAT 7648 deleted clauses 50.58%
c DRAT 754529 bytes (0.72 MB)
c 
c --- [ result ] -------------------------------------------------------------
c 
s UNSATISFIABLE
c 
c --- [ run-time profiling ] -------------------------------------------------
c 
c process time taken by individual solving procedures
c (percentage relative to process time for solving)
c 
c         0.06  100.00% search
c         0.05   75.00% unstable
c         0.02   25.00% stable
c         0.02   25.00% parse
c         0.00    0.00% simplify
c   =================================
c         0.06   80.00% solve
c 
c last line shows process time for solving
c (percentage relative to total process time)
c 
c --- [ statistics ] ---------------------------------------------------------
c 
c chronological:               576        10.65 %  of conflicts
c conflicts:                  5410     86560.00    per second
c backbone:                   5610      3666.67 %  of vars
c decisions:                  5723     91568.00    per second
c fixed:                        86        56.21 %  of all variables
c learned:                    5051        93.36 %  per conflict
c learned_lits:              85917       100.00 %  learned literals
c minimized:                     0         0.00 %  learned literals
c shrunken:                  27220        31.68 %  learned literals
c minishrunken:               1841         2.14 %  learned literals
c otfs:                        302         5.58 %  of conflict
c propagations:             118162         1.89 M  per second
c reduced:                    1217        22.50 %  per conflict
c rephased:                      2      2705.00    interval
c restarts:                      8       676.25    interval
c stabilizing:                   1        39.82 %  of conflicts
c subsumed:                   2233        25.04 %  of all clauses
c strengthened:                300         3.36 %  of all clauses
c ticks:                   1968006        17.87    propagation
c 
c seconds are measured in process time for solving
c 
c --- [ glue usage ] ---------------------------------------------------------
c 
c focused glue 5 used 913 clauses 14.72% accumulated 55.38% tier1
c focused glue 6 used 641 clauses 10.33% accumulated 65.72%
c focused glue 7 used 477 clauses 7.691% accumulated 73.41%
c focused glue 8 used 325 clauses 5.240% accumulated 78.65% tier2
c 
c stable glue 2 used 71 clauses 1.828% accumulated 1.906% tier1
c stable glue 3 used 274 clauses 7.058% accumulated 8.964%
c stable glue 4 used 512 clauses 13.18% accumulated 22.15%
c stable glue 5 used 627 clauses 16.15% accumulated 38.30%
c stable glue 6 used 657 clauses 16.92% accumulated 55.22% tier2
c 
c 
c --- [ resources ] ----------------------------------------------------------
c 
c total process time since initialization:         0.08    seconds
c total real time since initialization:            0.08    seconds
c maximum resident set size of process:            7.96    MB
c 
c --- [ shutting down ] ------------------------------------------------------
c 
c exit 20
