c --- [ banner ] -------------------------------------------------------------
c 
c CaDiCaL SAT Solver
c Copyright (c) 2016-2026
c A. Biere, M. Fleury, N. Froleyks, K. Fazekas, F. Pollitt, T. Faller
c JKU Linz, University of Freiburg, TU Wien
c 
c Version 3.0.1
c g++.exe (Rev3, Built by MSYS2 project) 16.2.0 -Wall -Wextra -O3 -DNDEBUG -DNUNLOCKED -DNCLOSEFROM
c Sat Aug 29 18:00:44 CST 2026 MINGW64_NT-10.0-26200 LAPTOP-TRJ5SOMK 3.6.10-8fbd9808.x86_64 x86_64
c 
c --- [ proof tracing ] ------------------------------------------------------
c 
c opening file to write 'E:/OrderedRamseyZ3/proofs/n15_N19_ascii.drat'
c writing non-binary proof trace to 'E:/OrderedRamseyZ3/proofs/n15_N19_ascii.drat'
c 
c --- [ parsing input ] ------------------------------------------------------
c 
c reading DIMACS file from 'E:/OrderedRamseyZ3/cnf/n15_N19.cnf'
c opening file to read 'E:/OrderedRamseyZ3/cnf/n15_N19.cnf'
c found 'p cnf 171 4845' header
c parsed 4845 clauses in 0.00 seconds process time
c 
c --- [ options ] ------------------------------------------------------------
c 
c   --binary=false                 (different from default 'true')
c 
c --- [ solving ] ------------------------------------------------------------
c 
c time measured in process time since initialization
c 
c  seconds  reduction conflicts       size tier2     variables
c         MB    restarts   redundant    glue  trail      remaining
c          level     rate       size/glu tier1 irredundant
c 
c *  0.00  6  0 0   0  0    0    0 0.0 0 0 2 6  0% 4845 170 99%
c )  0.00  7  0 0   0  0    0    0 0.0 0 0 2 6  0% 4845 170 99%
c {  0.00  7  0 0   0  0    0    0 0.0 0 0 2 6  0% 4845 170 99%
c -  0.02  7 67 1   0  1  303   58 1.2 21 17 2 6 81% 4845 170 99%
c -  0.02  7 65 2   0  1  738  123 1.3 20 16 2 6 82% 4845 170 99%
c }  0.02  7 62 2  15  1 1004  297 1.3 20 16 2 6 80% 4845 170 99%
c [  0.02  7  0 2  15  0 1004  297 0.0 0 0 2 6  0% 4845 170 99%
c O  0.02  7 95 2  15 96 1005  298 1.0 27 26 2 6 74% 4845 170 99%
c -  0.03  8 58 3  15  1 1418  172 1.3 19 15 2 6 65% 4845 170 99%
c ]  0.03  8 45 3  15  1 1571  247 1.3 18 15 2 6 61% 4845 170 99%
c {  0.03  8 62 3  15  1 1571  247 1.3 20 16 2 6 80% 4845 170 99%
c -  0.05  8 41 4  16  1 2359  294 1.3 18 13 2 6 76% 4845 170 99%
c O  0.05  8 33 4  16  1 3006  751 1.4 17 12 2 6 74% 4845 170 99%
c -  0.06  8 29 5  24  1 3573  447 1.4 17 12 2 6 70% 4845 170 99%
c u  0.06  8 27 5  24  1 3859  583 1.4 16 12 2 6 69% 4845 170 99%
c v  0.06  8 27 5  24  1 3859  578 1.4 16 12 2 6 69% 4845 170 99%
c w  0.06  8 27 5  24  1 3859  571 1.4 16 12 2 6 69% 4845 170 99%
c x  0.06  8 27 5  24  1 3859  570 1.4 16 12 2 6 69% 4845 170 99%
c -  0.08  8 23 6  24  1 5069 1227 1.4 15 11 9 12 66% 4845 170 99%
c #  0.09  8 21 6  24  1 6008 1754 1.4 15 11 8 11 65% 4845 170 99%
c 
c  seconds  reduction conflicts       size   tier2      variables
c         MB    restarts   redundant     glue    trail      remaining
c          level     rate       size/glue  tier1  irredundant
c 
c }  0.09  8 21 6  24  1 6011 1757 1.4 15 11 8 11 65% 4845 170 99%
c [  0.09  8 45 6  24  1 6011 1757 1.3 18 15 2 6 61% 4845 170 99%
c -  0.11  8 23 7  25  1 6850 2078 1.3 14 11 13 17 66% 4845 170 99%
c -  0.14  8 15 8  26  1 8920 2800 1.4 12 9 8 12 67% 4845 170 99%
c s  0.16  8 14 8  26  1 9666 2573 1.4 12 9 7 9 66% 4829 170 99%
c e  0.16  8 14 8  26  1 9666 2558 1.4 12 9 7 9 66% 3761  72 42%
c s  0.16  8 14 8  26  1 9666 2558 1.4 12 9 7 9 66% 3667  72 42%
c ]  0.16  8 14 8  27  1 9809 2594 1.4 12 9 7 9 65% 3667  72 42%
c {  0.16  8 21 8  27  1 9809 2594 1.4 15 11 8 11 65% 3667  72 42%
c B  0.16  8 20 8  27  1 10012 2703 1.4 15 11 8 11 64% 3667  72 42%
c -  0.17  8 18 9  31  1 11282 3154 1.4 14 10 8 11 58% 3667  72 42%
c u  0.19  8 17 9  31  1 11949 3487 1.4 14 10 8 11 56% 3667  72 42%
c v  0.19  9 17 9  31  1 11949 3479 1.4 14 10 8 11 56% 3667  72 42%
c w  0.19  9 17 9  31  1 11949 3472 1.4 14 10 8 11 56% 3667  72 42%
c t  0.19  8 17 9  31  1 11949 3471 1.4 14 10 8 11 56% 3667  72 42%
c i  0.20  9 17 9  31  1 12414 3652 1.4 13 9 8 11 55% 3667  71 42%
c -  0.23  8 15 10  31  1 13938 2925 1.4 13 9 7 10 81% 3659  71 42%
c W  0.25  8 15 10  49  1 15014 3339 1.4 13 9 7 10 80% 3659  71 42%
c -  0.28  8 14 11  96  1 16890 3969 1.4 12 9 7 10 80% 3659  71 42%
c }  0.30  8 13 11  99  1 17242 4137 1.4 12 9 7 10 81% 3659  71 42%
c 
c  seconds  reductions  conflicts       size  tier2      variables
c         MB     restarts    redundant     glue  trail       remaining
c          level      rate        size/glue tier1  irredundant
c 
c [  0.30  8 14 11  99  1 17242 4137 1.4 12 9 7 9 155% 3659  71 42%
c u  0.30  9 13 11  99  1 17757 4348 1.4 12 9 7 9 147% 3659  71 42%
c v  0.30  9 13 11  99  1 17757 4336 1.4 12 9 7 9 147% 3659  71 42%
c w  0.30  9 13 11  99  1 17757 4333 1.4 12 9 7 9 147% 3659  71 42%
c x  0.30  9 13 11  99  1 17757 4332 1.4 12 9 7 9 147% 3393  71 42%
c t  0.30  9 13 11  99  1 17757 4330 1.4 12 9 7 9 147% 3393  71 42%
c i  0.33  9 12 11 101  1 19701 5349 1.4 12 8 7 9 128% 3393  63 37%
c i  0.33  9 12 11 101  1 20056 5547 1.4 12 8 7 9 126% 3393  62 36%
c -  0.36  8 12 12 101  1 20142 2666 1.4 12 8 7 9 125% 2612  62 36%
c i  0.36  8 12 12 101  1 20250 2691 1.4 12 8 7 9 125% 2612  51 30%
c i  0.36  8 11 12 101  1 20321 2715 1.4 12 8 7 9 124% 2612  42 25%
c i  0.36  8 11 12 101  1 20339 2722 1.4 12 8 7 9 124% 2612  41 24%
c ]  0.36  8 11 12 101  1 20346 2723 1.4 12 8 7 9 124% 2612   9  5%
c 0  0.36  8 11 12 101  1 20346 2723 1.4 12 8 7 9 124% 2612   9  5%
c 
c --- [ closing proof ] ------------------------------------------------------
c 
c DRAT proof file 'E:/OrderedRamseyZ3/proofs/n15_N19_ascii.drat' closed
c DRAT 26352 added clauses 50.53%
c DRAT 25798 deleted clauses 49.47%
c DRAT 2758359 bytes (2.63 MB)
c 
c --- [ result ] -------------------------------------------------------------
c 
s UNSATISFIABLE
c 
c --- [ run-time profiling ] -------------------------------------------------
c 
c process time taken by individual solving procedures
c (percentage relative to process time for solving)
c 
c         0.31   86.96% search
c         0.20   56.52% unstable
c         0.11   30.43% stable
c         0.05   13.04% simplify
c         0.03    8.70% sweep
c         0.02    4.35% subsume
c         0.00    0.00% parse
c   =================================
c         0.36  100.00% solve
c 
c last line shows process time for solving
c (percentage relative to total process time)
c 
c --- [ statistics ] ---------------------------------------------------------
c 
c chronological:              2289        11.25 %  of conflicts
c conflicts:                 20346     56614.96    per second
c backbone:                  13611      7959.65 %  of vars
c decisions:                 21948     61072.70    per second
c eliminated:                   98        57.31 %  of all variables
c fixed:                        63        36.84 %  of all variables
c learned:                   19700        96.82 %  per conflict
c learned_lits:             394517       100.00 %  learned literals
c minimized:                     0         0.00 %  learned literals
c shrunken:                 147578        37.41 %  learned literals
c minishrunken:              10418         2.64 %  learned literals
c otfs:                        397         1.95 %  of conflict
c propagations:             371308         1.03 M  per second
c reduced:                    3202        15.74 %  per conflict
c rephased:                      5      4069.20    interval
c restarts:                    101       201.45    interval
c stabilizing:                   3        36.34 %  of conflicts
c subsumed:                  10394        42.27 %  of all clauses
c strengthened:                956         3.89 %  of all clauses
c ticks:                  15210374        43.42    propagation
c vivified:                    384         1.56 %  of all clauses
c walked:                        1     20346.00    interval
c weakened:                   1072         5.71    average size
c 
c seconds are measured in process time for solving
c 
c --- [ glue usage ] ---------------------------------------------------------
c 
c focused glue 7 used 3062 clauses 11.52% accumulated 64.70% tier1
c focused glue 8 used 2662 clauses 10.01% accumulated 74.72%
c focused glue 9 used 2009 clauses 7.558% accumulated 82.28%
c focused glue 10 used 1504 clauses 5.658% accumulated 87.94% tier2
c 
c stable glue 6 used 2426 clauses 13.62% accumulated 61.54% tier1
c stable glue 7 used 2047 clauses 11.49% accumulated 73.04%
c stable glue 8 used 1455 clauses 8.172% accumulated 81.21% tier2
c 
c 
c --- [ resources ] ----------------------------------------------------------
c 
c total process time since initialization:         0.36    seconds
c total real time since initialization:            0.37    seconds
c maximum resident set size of process:            9.38    MB
c 
c --- [ shutting down ] ------------------------------------------------------
c 
c exit 20
