c --- [ banner ] -------------------------------------------------------------
c 
c CaDiCaL SAT Solver
c Copyright (c) 2016-2026
c A. Biere, M. Fleury, N. Froleyks, K. Fazekas, F. Pollitt, T. Faller
c JKU Linz, University of Freiburg, TU Wien
c 
c Version 3.0.1
c g++.exe (Rev3, Built by MSYS2 project) 16.2.0 -Wall -Wextra -O3 -DNDEBUG -DNUNLOCKED -DNCLOSEFROM
c Sat Aug 29 18:00:44 CST 2026 MINGW64_NT-10.0-26200 LAPTOP-TRJ5SOMK 3.6.10-8fbd9808.x86_64 x86_64
c 
c --- [ proof tracing ] ------------------------------------------------------
c 
c opening file to write 'E:/OrderedRamseyZ3/proofs/n16_N20_ascii.drat'
c writing non-binary proof trace to 'E:/OrderedRamseyZ3/proofs/n16_N20_ascii.drat'
c 
c --- [ parsing input ] ------------------------------------------------------
c 
c reading DIMACS file from 'E:/OrderedRamseyZ3/cnf/n16_N20.cnf'
c opening file to read 'E:/OrderedRamseyZ3/cnf/n16_N20.cnf'
c found 'p cnf 190 5985' header
c parsed 5985 clauses in 0.00 seconds process time
c 
c --- [ options ] ------------------------------------------------------------
c 
c   --binary=false                 (different from default 'true')
c 
c --- [ solving ] ------------------------------------------------------------
c 
c time measured in process time since initialization
c 
c  seconds  reduction conflicts       size tier2     variables
c         MB    restarts   redundant    glue  trail      remaining
c          level     rate       size/glu tier1 irredundant
c 
c *  0.00  7  0 0   0  0    0    0 0.0 0 0 2 6  0% 5985 189 99%
c )  0.02  8  0 0   0  0    0    0 0.0 0 0 2 6  0% 5985 189 99%
c {  0.02  8  0 0   0  0    0    0 0.0 0 0 2 6  0% 5985 189 99%
c -  0.02  7 79 1   0  1  302   65 1.2 22 19 2 6 80% 5985 189 99%
c -  0.03  7 75 2   0  1  738  124 1.3 22 17 2 6 80% 5985 189 99%
c }  0.03  7 74 2   0  1 1003  306 1.3 21 17 2 6 80% 5985 189 99%
c [  0.03  7  0 2   0  0 1003  306 0.0 0 0 2 6  0% 5985 189 99%
c O  0.03  8 112 2   0 113 1004  307 1.0 26 25 2 6 65% 5985 189 99%
c -  0.03  7 74 3   0  1 1418  175 1.3 21 16 2 6 64% 5985 189 99%
c ]  0.05  8 32 3   1  1 2188  438 1.3 15 12 2 6 52% 5985 189 99%
c {  0.05  8 74 3   1  1 2188  438 1.3 21 17 2 6 80% 5985 189 99%
c -  0.05  8 65 4   1  1 2359  221 1.3 20 16 2 6 76% 5985 189 99%
c O  0.05  8 46 4   1  1 3005  633 1.4 18 13 2 6 69% 5985 189 99%
c -  0.06  8 38 5   2  1 3574  481 1.4 17 13 2 6 65% 5985 189 99%
c -  0.08  8 28 6   3  1 5069 1356 1.4 16 11 8 12 63% 5985 189 99%
c }  0.09  8 25 6   3  1 6006 1805 1.4 15 11 8 11 62% 5985 189 99%
c [  0.09  8 32 6   3  1 6006 1805 1.3 15 12 2 6 52% 5985 189 99%
c #  0.09  8 32 6   3  1 6007 1806 1.3 15 12 2 6 52% 5985 189 99%
c -  0.11  8 24 7   3  1 6848 2210 1.3 15 11 9 12 56% 5985 189 99%
c -  0.14  8 18 8   4  1 8917 2987 1.4 14 11 9 11 56% 5985 189 99%
c 
c  seconds  reduction conflicts       size   tier2      variables
c         MB    restarts   redundant     glue    trail      remaining
c          level     rate       size/glue  tier1  irredundant
c 
c u  0.16  9 18 8   5  1 9234 3189 1.4 15 11 8 11 56% 5985 189 99%
c v  0.16  9 18 8   5  1 9234 3085 1.4 15 11 8 11 56% 5985 189 99%
c w  0.16  9 18 8   5  1 9234 2943 1.4 15 11 8 11 56% 5985 189 99%
c x  0.16  9 18 8   5  1 9234 2942 1.4 15 11 8 11 56% 5985 189 99%
c ]  0.16  9 18 8   5  1 9274 2968 1.4 15 11 8 11 56% 5985 189 99%
c {  0.16  9 25 8   5  1 9274 2968 1.4 15 11 8 11 62% 5985 189 99%
c s  0.17  8 23 8   9  1 9972 3147 1.4 15 11 8 11 62% 5984 189 99%
c e  0.17  8 23 8   9  1 9972 3125 1.4 15 11 8 11 62% 5138  84 44%
c s  0.17  9 23 8   9  1 9972 3103 1.4 15 11 8 11 62% 5122  84 44%
c B  0.17  9 23 8   9  1 10012 3130 1.4 15 11 8 11 77% 5122  84 44%
c -  0.20  8 21 9  29  1 11278 3452 1.4 14 10 8 11 75% 5122  84 44%
c -  0.23  8 17 10  58  1 13934 3903 1.4 13 10 7 10 75% 5122  84 44%
c W  0.27  9 16 10  62  1 15013 4456 1.4 13 9 7 10 76% 5122  84 44%
c }  0.28  9 16 10  83  1 16369 5133 1.4 13 9 7 10 76% 5122  84 44%
c [  0.28  9 18 10  83  1 16369 5133 1.4 15 11 8 11 128% 5122  84 44%
c -  0.28  9 17 11  83  1 16885 4731 1.4 14 10 8 11 122% 5122  84 44%
c u  0.30  9 16 11  84  1 17827 5211 1.4 14 10 8 11 115% 5122  84 44%
c v  0.31  9 16 11  84  1 17827 4924 1.4 14 10 8 11 115% 5122  84 44%
c w  0.31  9 16 11  84  1 17827 4858 1.4 14 10 8 11 115% 5122  84 44%
c x  0.31 10 16 11  84  1 17827 4857 1.4 14 10 8 11 115% 2755  84 44%
c 
c  seconds  reductions  conflicts       size   tier2       variables
c         MB     restarts    redundant     glue    trail       remaining
c          level      rate        size/glue  tier1   irredundant
c 
c t  0.31  9 16 11  84  1 17827 4855 1.4 14 10 8 11 115% 2755  84 44%
c -  0.34 10 14 12  85  1 20133 5618 1.4 13 10 8 11 104% 2755  84 44%
c i  0.36  9 14 12  86  1 20769 5894 1.4 13 9 8 11 102% 2755  78 41%
c I  0.36  9 14 12  86  1 21014 6051 1.4 13 9 8 11 101% 2754  78 41%
c i  0.38  9 13 12  86  1 22110 6484 1.4 13 9 7 9 99% 2754  77 41%
c -  0.41  8 13 13  86  1 23681 3285 1.4 13 9 7 9 96% 2053  77 41%
c u  0.42  8 13 13  86  1 23916 3358 1.4 13 9 7 9 95% 2053  77 41%
c v  0.42  9 13 13  86  1 23916 3357 1.4 13 9 7 9 95% 2053  77 41%
c w  0.42  9 13 13  86  1 23916 3354 1.4 13 9 7 9 95% 2053  77 41%
c i  0.44  8 12 13  87  1 24764 3683 1.4 12 9 7 9 94% 2053  67 35%
c ]  0.44  8 12 13  87  1 24899 3752 1.4 12 9 7 9 94% 2053  67 35%
c {  0.44  8 16 13  87  1 24899 3752 1.4 13 9 7 10 76% 2053  67 35%
c i  0.44  8 15 13  87  1 24930 3759 1.4 13 9 7 10 76% 2053  66 35%
c i  0.44  8 15 13  87  1 24931 3759 1.4 13 9 7 10 76% 2053  65 34%
c i  0.44  8 15 13  87  1 25006 3799 1.4 13 9 7 10 76% 2053  49 26%
c i  0.44  8 15 13  87  1 25009 3801 1.4 13 9 7 10 76% 2053  48 25%
c i  0.44  8 15 13  87  1 25013 3802 1.4 13 9 7 10 76% 2053  47 25%
c i  0.44  8 15 13  87  1 25014 3802 1.4 13 9 7 10 76% 2053  46 24%
c i  0.44  8 15 13  87  1 25015 3802 1.4 13 9 7 10 76% 2053  39 21%
c }  0.44  8 15 13  87  1 25020 3803 1.4 13 9 7 10 76% 2053   8  4%
c 
c  seconds  reductions  conflicts       size  tier2      variables
c         MB     restarts    redundant     glue   trail      remaining
c          level      rate        size/glue tier1  irredundant
c 
c 0  0.44  8 15 13  87  1 25020 3803 1.4 13 9 7 10 76% 2053   8  4%
c 
c --- [ closing proof ] ------------------------------------------------------
c 
c DRAT proof file 'E:/OrderedRamseyZ3/proofs/n16_N20_ascii.drat' closed
c DRAT 27960 added clauses 49.95%
c DRAT 28012 deleted clauses 50.05%
c DRAT 3147555 bytes (3.00 MB)
c 
c --- [ result ] -------------------------------------------------------------
c 
s UNSATISFIABLE
c 
c --- [ run-time profiling ] -------------------------------------------------
c 
c process time taken by individual solving procedures
c (percentage relative to process time for solving)
c 
c         0.38   85.71% search
c         0.19   42.86% stable
c         0.16   35.71% unstable
c         0.06   14.29% simplify
c         0.03    7.14% vivify
c         0.02    3.57% subsume
c         0.02    3.57% lucky
c         0.02    3.57% backbone
c         0.02    3.57% walk
c         0.00    0.00% parse
c   =================================
c         0.44  100.00% solve
c 
c last line shows process time for solving
c (percentage relative to total process time)
c 
c --- [ statistics ] ---------------------------------------------------------
c 
c chronological:              2774        11.09 %  of conflicts
c conflicts:                 25020     57188.57    per second
c backbone:                  18486      9729.47 %  of vars
c decisions:                 26899     61483.43    per second
c eliminated:                  105        55.26 %  of all variables
c fixed:                        76        40.00 %  of all variables
c learned:                   24077        96.23 %  per conflict
c learned_lits:             494280       100.00 %  learned literals
c minimized:                     0         0.00 %  learned literals
c shrunken:                 177160        35.84 %  learned literals
c minishrunken:              13237         2.68 %  learned literals
c otfs:                        652         2.61 %  of conflict
c propagations:             440367         1.01 M  per second
c reduced:                    4583        18.32 %  per conflict
c rephased:                      6      4170.00    interval
c restarts:                     87       287.59    interval
c stabilizing:                   3        51.21 %  of conflicts
c subsumed:                  17163        57.01 %  of all clauses
c strengthened:               1424         4.73 %  of all clauses
c ticks:                  15057000        36.19    propagation
c vivified:                   3043        10.11 %  of all clauses
c walked:                        1     25020.00    interval
c weakened:                    850         2.02    average size
c 
c seconds are measured in process time for solving
c 
c --- [ glue usage ] ---------------------------------------------------------
c 
c focused glue 7 used 3459 clauses 13.04% accumulated 60.91% tier1
c focused glue 8 used 2892 clauses 10.90% accumulated 71.81%
c focused glue 9 used 2140 clauses 8.069% accumulated 79.88% tier2
c 
c stable glue 7 used 4112 clauses 11.64% accumulated 66.40% tier1
c stable glue 8 used 3309 clauses 9.372% accumulated 75.77%
c stable glue 9 used 2795 clauses 7.916% accumulated 83.69% tier2
c 
c 
c --- [ resources ] ----------------------------------------------------------
c 
c total process time since initialization:         0.44    seconds
c total real time since initialization:            0.44    seconds
c maximum resident set size of process:           10.21    MB
c 
c --- [ shutting down ] ------------------------------------------------------
c 
c exit 20
