c --- [ banner ] -------------------------------------------------------------
c 
c CaDiCaL SAT Solver
c Copyright (c) 2016-2026
c A. Biere, M. Fleury, N. Froleyks, K. Fazekas, F. Pollitt, T. Faller
c JKU Linz, University of Freiburg, TU Wien
c 
c Version 3.0.1
c g++.exe (Rev3, Built by MSYS2 project) 16.2.0 -Wall -Wextra -O3 -DNDEBUG -DNUNLOCKED -DNCLOSEFROM
c Sat Aug 29 18:00:44 CST 2026 MINGW64_NT-10.0-26200 LAPTOP-TRJ5SOMK 3.6.10-8fbd9808.x86_64 x86_64
c 
c --- [ proof tracing ] ------------------------------------------------------
c 
c opening file to write 'E:/OrderedRamseyZ3_upload/proofs/n17_N21_ascii.drat'
c writing non-binary proof trace to 'E:/OrderedRamseyZ3_upload/proofs/n17_N21_ascii.drat'
c 
c --- [ parsing input ] ------------------------------------------------------
c 
c reading DIMACS file from 'E:/OrderedRamseyZ3_upload/cnf/n17_N21.cnf'
c opening file to read 'E:/OrderedRamseyZ3_upload/cnf/n17_N21.cnf'
c found 'p cnf 210 7315' header
c parsed 7315 clauses in 0.02 seconds process time
c 
c --- [ options ] ------------------------------------------------------------
c 
c   --binary=false                 (different from default 'true')
c 
c --- [ solving ] ------------------------------------------------------------
c 
c time measured in process time since initialization
c 
c  seconds  reduction conflicts       size tier2     variables
c         MB    restarts   redundant    glue  trail      remaining
c          level     rate       size/glu tier1 irredundant
c 
c *  0.02  7  0 0   0  0    0    0 0.0 0 0 2 6  0% 7315 209 100%
c )  0.02  8  0 0   0  0    0    0 0.0 0 0 2 6  0% 7315 209 100%
c {  0.02  8  0 0   0  0    0    0 0.0 0 0 2 6  0% 7315 209 100%
c -  0.02  7 92 1   0  1  300   59 1.1 28 24 2 6 83% 7315 209 100%
c -  0.03  7 88 2   0  1  735  107 1.2 24 20 2 6 83% 7315 209 100%
c }  0.03  8 77 2   2  1 1002  313 1.3 23 19 2 6 80% 7315 209 100%
c [  0.03  8  0 2   2  0 1002  313 0.0 0 0 2 6  0% 7315 209 100%
c O  0.03  8 121 2   2 122 1003  314 1.0 24 23 2 6 74% 7315 209 100%
c -  0.05  8 89 3   2  1 1412  198 1.3 20 16 2 6 68% 7315 209 100%
c -  0.06  8 39 4   3  1 2354  222 1.3 17 13 2 6 54% 7315 209 100%
c ]  0.06  8 32 4   3  1 2873  526 1.3 17 13 2 6 54% 7315 209 100%
c {  0.06  8 77 4   3  1 2873  526 1.3 23 19 2 6 80% 7315 209 100%
c O  0.06  8 69 4   3  1 3005  610 1.3 23 18 2 6 77% 7315 209 100%
c -  0.08  8 51 5   3  1 3567  268 1.3 21 16 2 6 68% 7315 209 100%
c v  0.09  9 44 5   3  1 3994  546 1.3 20 15 2 6 65% 7315 209 100%
c w  0.09  9 44 5   3  1 3994  534 1.3 20 15 2 6 65% 7315 209 100%
c -  0.11  8 32 6   3  1 5062 1006 1.3 17 13 10 14 60% 7315 209 100%
c #  0.12  9 27 6   5  1 6006 1487 1.3 16 12 10 14 59% 7315 209 100%
c -  0.14  9 25 7  21  1 6840 1950 1.3 16 12 9 13 60% 7315 209 100%
c }  0.14  8 25 7  21  1 6860 1956 1.3 16 12 9 13 60% 7315 209 100%
c 
c  seconds  reduction conflicts       size   tier2     variables
c         MB    restarts   redundant     glue   trail      remaining
c          level     rate       size/glue  tier1 irredundant
c 
c [  0.14  8 32 7  21  1 6860 1956 1.3 17 13 2 6 54% 7315 209 100%
c -  0.17  8 23 8  22  1 8908 2749 1.3 16 12 11 13 59% 7315 209 100%
c u  0.19  9 22 8  23  1 9296 2977 1.4 16 12 9 12 60% 7315 209 100%
c v  0.19  9 22 8  23  1 9296 2944 1.4 16 12 9 12 60% 7315 209 100%
c w  0.19  9 22 8  23  1 9296 2917 1.4 16 12 9 12 60% 7315 209 100%
c I  0.20  9 20 8  23  1 10009 3320 1.4 16 12 9 12 60% 7315 209 100%
c s  0.22  8 20 8  23  1 10261 2694 1.4 16 12 9 12 61% 7144 209 100%
c e  0.22  8 20 8  23  1 10261 2680 1.4 16 12 9 12 61% 5606  81 39%
c s  0.22  8 20 8  23  1 10261 2680 1.4 16 12 9 12 61% 5408  81 39%
c -  0.23  9 18 9  24  1 11268 2877 1.4 15 11 9 12 87% 5408  81 39%
c ]  0.25  9 18 9  25  1 12282 3479 1.4 15 11 9 12 87% 5408  81 39%
c {  0.25  9 25 9  25  1 12282 3479 1.3 16 12 9 13 154% 5408  81 39%
c -  0.28  9 22 10  25  1 13921 4101 1.4 16 11 9 12 137% 5408  81 39%
c v  0.31  9 21 10  31  1 14949 4786 1.4 16 11 9 12 130% 5408  81 39%
c w  0.31 10 21 10  31  1 14949 4768 1.4 16 11 9 12 130% 5408  81 39%
c x  0.31 10 21 10  31  1 14949 4768 1.4 16 11 9 12 130% 4090  81 39%
c B  0.31  9 21 10  33  1 15010 4810 1.4 16 11 9 12 130% 4090  81 39%
c -  0.34  9 19 11  34  1 16870 5397 1.4 15 11 9 12 121% 4090  81 39%
c -  0.39  9 16 12  57  1 20117 6848 1.4 14 10 9 12 112% 4090  81 39%
c W  0.42  9 16 12  80  1 21011 7353 1.4 14 10 9 12 110% 4090  81 39%
c 
c  seconds  reductions  conflicts       size   tier2       variables
c         MB     restarts    redundant     glue    trail       remaining
c          level      rate        size/glue  tier1   irredundant
c 
c -  0.47  9 15 13  81  1 23662 7534 1.4 14 10 8 10 106% 4090  81 39%
c u  0.47 10 15 13  86  1 23983 7726 1.4 14 10 8 10 105% 4090  81 39%
c v  0.47 10 15 13  86  1 23983 7725 1.4 14 10 8 10 105% 4090  81 39%
c w  0.47 10 15 13  86  1 23983 7721 1.4 14 10 8 10 105% 4090  81 39%
c }  0.50 10 14 13  86  1 25255 8321 1.4 13 9 8 10 104% 4090  81 39%
c [  0.50 10 18 13  86  1 25255 8321 1.4 15 11 9 12 87% 4090  81 39%
c -  0.53 10 17 14  87  1 27507 8505 1.3 16 12 9 12 86% 4090  81 39%
c B  0.55  9 17 14  87  1 28014 8799 1.3 16 12 9 12 85% 4090  81 39%
c -  0.61  9 15 15  88  1 31653 9712 1.3 15 11 9 12 84% 4090  81 39%
c u  0.61 11 15 15  88  1 31653 9703 1.3 15 11 9 12 84% 4090  81 39%
c v  0.62 11 15 15  88  1 31653 9698 1.3 15 11 9 12 84% 4090  81 39%
c w  0.62 11 15 15  88  1 31653 9695 1.3 15 11 9 12 84% 4090  81 39%
c s  0.67  9 15 15  90  1 34509 11374 1.4 15 11 9 12 84% 4089  81 39%
c s  0.67  9 15 15  90  1 34509 11374 1.4 15 11 9 12 84% 4081  81 39%
c W  0.70 10 15 15  92  1 36016 12232 1.4 15 11 9 12 84% 4081  81 39%
c -  0.72 10 15 16  92  1 36100 11260 1.4 15 11 9 12 84% 4081  81 39%
c ]  0.73 10 15 16  93  1 37038 11783 1.4 15 11 9 12 84% 4081  81 39%
c {  0.73 10 14 16  93  1 37038 11783 1.4 13 9 8 10 104% 4081  81 39%
c -  0.80  9 14 17 155  1 40851 11269 1.4 13 9 7 9 100% 4081  81 39%
c u  0.80 11 14 17 155  1 40851 11266 1.4 13 9 7 9 100% 4081  81 39%
c 
c  seconds  reductions  conflicts        size  tier2      variables
c         MB     restarts     redundant     glue  trail       remaining
c          level      rate         size/glue tier1  irredundant
c 
c v  0.80 11 14 17 155  1 40851 11264 1.4 13 9 7 9 100% 4081  81 39%
c x  0.80 11 14 17 155  1 40851 11264 1.4 13 9 7 9 100% 4071  81 39%
c F  0.86 11 13 17 186  1 45019 13257 1.4 13 9 7 9 97% 4071  81 39%
c -  0.89 10 13 18 193  1 45904 12509 1.4 13 9 7 9 96% 4071  81 39%
c -  0.97 10 12 19 254  1 51262 14048 1.4 13 9 7 9 94% 4071  81 39%
c p  0.97 10 12 19 254  1 51262 14049 1.4 13 9 7 9 94% 4071  81 39%
c u  0.98 11 12 19 254  1 51262 14022 1.4 13 9 7 9 94% 4071  81 39%
c v  0.98 11 12 19 254  1 51262 14020 1.4 13 9 7 9 94% 4071  81 39%
c w  0.98 11 12 19 254  1 51262 14016 1.4 13 9 7 9 94% 4071  81 39%
c B  1.05 11 12 19 273  1 55022 15749 1.4 12 9 7 9 93% 4071  81 39%
c }  1.05 11 12 19 280  1 55964 16315 1.4 12 9 7 9 93% 4071  81 39%
c [  1.05 11 15 19 280  1 55964 16315 1.4 15 11 9 12 84% 4071  81 39%
c -  1.08 10 15 20 280  1 56922 15865 1.4 15 11 9 12 84% 4071  81 39%
c i  1.17 11 14 20 282  1 62707 18890 1.4 14 10 9 12 84% 4071  80 38%
c -  1.20 10 14 21 282  1 62886 13621 1.4 14 10 9 12 84% 4064  80 38%
c u  1.20 11 14 21 282  1 62886 13608 1.4 14 10 9 12 84% 4064  80 38%
c v  1.20 11 14 21 282  1 62886 13605 1.4 14 10 9 12 84% 4064  80 38%
c w  1.20 11 14 21 282  1 62886 13599 1.4 14 10 9 12 84% 4064  80 38%
c x  1.20 11 14 21 282  1 62886 13599 1.4 14 10 9 12 84% 4053  80 38%
c O  1.27 11 14 21 282  1 66024 15700 1.4 15 11 9 12 85% 4053  80 38%
c 
c  seconds  reductions  conflicts        size   tier2      variables
c         MB     restarts     redundant     glue    trail      remaining
c          level      rate         size/glue  tier1  irredundant
c 
c s  1.31 10 14 21 282  1 68441 17242 1.4 15 11 9 12 84% 4047  80 38%
c s  1.33 11 14 21 282  1 68441 17241 1.4 15 11 9 12 84% 4042  80 38%
c -  1.36 11 14 22 282  1 69157 15407 1.4 15 11 9 12 85% 4042  80 38%
c ]  1.42 12 14 22 285  1 72834 17706 1.4 15 11 7 11 85% 4042  80 38%
c {  1.42 12 12 22 285  1 72834 17706 1.4 12 9 7 9 93% 4042  80 38%
c -  1.50 11 11 23 341  1 75732 17391 1.4 12 8 7 9 92% 4042  80 38%
c u  1.50 12 11 23 341  1 75732 17382 1.4 12 8 7 9 92% 4042  80 38%
c v  1.50 12 11 23 341  1 75732 17325 1.4 12 8 7 9 92% 4042  80 38%
c w  1.50 12 11 23 341  1 75732 17322 1.4 12 8 7 9 92% 4042  80 38%
c x  1.50 12 11 23 341  1 75732 17322 1.4 12 8 7 9 92% 4031  80 38%
c W  1.58 12 11 23 411  1 78025 18361 1.4 12 8 7 9 91% 4031  80 38%
c -  1.67 11 11 24 486  1 82611 19399 1.4 12 8 7 9 90% 4031  80 38%
c p  1.67 11 11 24 486  1 82611 19400 1.4 12 8 7 9 90% 4031  80 38%
c -  1.81 11 10 25 669  1 89797 21700 1.4 12 8 7 9 89% 4031  80 38%
c u  1.83 12 10 25 669  1 89797 21684 1.4 12 8 7 9 89% 4031  80 38%
c v  1.84 13 10 25 669  1 89797 21648 1.4 12 8 7 9 89% 4031  80 38%
c w  1.84 13 10 25 669  1 89797 21640 1.4 12 8 7 9 89% 4031  80 38%
c x  1.84 13 10 25 669  1 89797 21640 1.4 12 8 7 9 89% 4025  80 38%
c t  1.84 13 10 25 669  1 89797 21639 1.4 12 8 7 9 89% 4025  80 38%
c #  1.86 13 10 25 677  1 91028 22123 1.4 11 8 7 9 89% 4025  80 38%
c 
c  seconds  reductions  conflicts        size  tier2     variables
c         MB     restarts     redundant     glue  trail      remaining
c          level      rate         size/glue tier1 irredundant
c 
c i  1.92 13 10 25 690  1 94642 23697 1.4 11 8 7 9 88% 4025  78 37%
c }  1.94 13 10 25 702  1 95640 24212 1.4 11 8 7 9 88% 4025  78 37%
c [  1.94 13 14 25 702  1 95640 24212 1.4 15 11 7 11 85% 4025  78 37%
c i  1.97 13 14 25 702  1 96307 24472 1.4 15 11 7 11 85% 4025  77 37%
c -  2.03 11 14 26 702  1 97290 18421 1.4 15 11 7 11 85% 4003  77 37%
c 2  2.03 11 14 26 702  1 97290 18420 1.4 15 11 7 11 85% 4003  77 37%
c i  2.08 12 14 26 704  1 99233 19239 1.4 15 11 7 11 85% 4003  76 36%
c i  2.12 12 13 26 705  1 101078 20194 1.4 15 10 7 11 84% 4003  67 32%
c i  2.12 12 13 26 705  1 101336 20281 1.4 15 10 7 11 84% 4003  59 28%
c i  2.12 12 13 26 705  1 101428 20317 1.4 15 10 7 11 84% 4003  58 28%
c i  2.12 12 13 26 705  1 101638 20392 1.4 15 10 7 11 84% 4003  48 23%
c i  2.14 12 13 26 705  1 101666 20401 1.4 15 10 7 11 84% 4003  40 19%
c i  2.14 12 13 26 705  1 101668 20402 1.4 15 10 7 11 84% 4003  39 19%
c i  2.14 12 13 26 705  1 101669 20402 1.4 15 10 7 11 84% 4003  32 15%
c ]  2.14 12 13 26 705  1 101674 20404 1.4 15 10 7 11 84% 4003  31 15%
c 0  2.14 12 13 26 705  1 101674 20404 1.4 15 10 7 11 84% 4003  31 15%
c 
c --- [ closing proof ] ------------------------------------------------------
c 
c DRAT proof file 'E:/OrderedRamseyZ3_upload/proofs/n17_N21_ascii.drat' closed
c DRAT 115167 added clauses 54.02%
c DRAT 98023 deleted clauses 45.98%
c DRAT 12375883 bytes (11.80 MB)
c 
c --- [ result ] -------------------------------------------------------------
c 
s UNSATISFIABLE
c 
c --- [ run-time profiling ] -------------------------------------------------
c 
c process time taken by individual solving procedures
c (percentage relative to process time for solving)
c 
c         2.00   94.12% search
c         1.06   50.00% unstable
c         0.89   41.91% stable
c         0.12    5.88% simplify
c         0.05    2.21% sweep
c         0.05    2.21% vivify
c         0.05    2.21% walk
c         0.03    1.47% subsume
c         0.02    0.74% parse
c   =================================
c         2.12   99.27% solve
c 
c last line shows process time for solving
c (percentage relative to total process time)
c 
c --- [ statistics ] ---------------------------------------------------------
c 
c chronological:             11970        11.77 %  of conflicts
c conflicts:                101674     47846.59    per second
c backbone:                  32235     15350.00 %  of vars
c decisions:                110691     52089.88    per second
c eliminated:                  128        60.95 %  of all variables
c fixed:                        50        23.81 %  of all variables
c learned:                   99088        97.46 %  per conflict
c learned_lits:            2331030       100.00 %  learned literals
c minimized:                     0         0.00 %  learned literals
c shrunken:                 979924        42.04 %  learned literals
c minishrunken:              83004         3.56 %  learned literals
c otfs:                       1113         1.09 %  of conflict
c propagations:            1478502         0.70 M  per second
c reduced:                   21185        20.84 %  per conflict
c rephased:                     13      7821.08    interval
c restarts:                    705       144.22    interval
c stabilizing:                   5        41.04 %  of conflicts
c subsumed:                  50108        47.01 %  of all clauses
c strengthened:               2287         2.15 %  of all clauses
c ticks:                 102602929        72.39    propagation
c vivified:                   1827         1.71 %  of all clauses
c walked:                        3     33891.33    interval
c weakened:                   1542         6.32    average size
c 
c seconds are measured in process time for solving
c 
c --- [ glue usage ] ---------------------------------------------------------
c 
c focused glue 7 used 18981 clauses 12.50% accumulated 73.63% tier1
c focused glue 8 used 13586 clauses 8.953% accumulated 82.59%
c focused glue 9 used 9405 clauses 6.198% accumulated 88.79% tier2
c 
c stable glue 7 used 11574 clauses 9.443% accumulated 57.82% tier1
c stable glue 8 used 11271 clauses 9.196% accumulated 67.02%
c stable glue 9 used 9456 clauses 7.715% accumulated 74.73%
c stable glue 10 used 7629 clauses 6.224% accumulated 80.96% tier2
c 
c 
c --- [ resources ] ----------------------------------------------------------
c 
c total process time since initialization:         2.14    seconds
c total real time since initialization:            2.15    seconds
c maximum resident set size of process:           15.32    MB
c 
c --- [ shutting down ] ------------------------------------------------------
c 
c exit 20
