c --- [ banner ] -------------------------------------------------------------
c 
c CaDiCaL SAT Solver
c Copyright (c) 2016-2026
c A. Biere, M. Fleury, N. Froleyks, K. Fazekas, F. Pollitt, T. Faller
c JKU Linz, University of Freiburg, TU Wien
c 
c Version 3.0.1
c g++.exe (Rev3, Built by MSYS2 project) 16.2.0 -Wall -Wextra -O3 -DNDEBUG -DNUNLOCKED -DNCLOSEFROM
c Sat Aug 29 18:00:44 CST 2026 MINGW64_NT-10.0-26200 LAPTOP-TRJ5SOMK 3.6.10-8fbd9808.x86_64 x86_64
c 
c --- [ proof tracing ] ------------------------------------------------------
c 
c opening file to write 'E:/OrderedRamseyZ3/proofs/n18_N22_ascii.drat'
c writing non-binary proof trace to 'E:/OrderedRamseyZ3/proofs/n18_N22_ascii.drat'
c 
c --- [ parsing input ] ------------------------------------------------------
c 
c reading DIMACS file from 'E:/OrderedRamseyZ3/cnf/n18_N22.cnf'
c opening file to read 'E:/OrderedRamseyZ3/cnf/n18_N22.cnf'
c found 'p cnf 231 8855' header
c parsed 8855 clauses in 0.02 seconds process time
c 
c --- [ options ] ------------------------------------------------------------
c 
c   --binary=false                 (different from default 'true')
c 
c --- [ solving ] ------------------------------------------------------------
c 
c time measured in process time since initialization
c 
c  seconds  reduction conflicts       size tier2     variables
c         MB    restarts   redundant    glue  trail      remaining
c          level     rate       size/glu tier1 irredundant
c 
c *  0.02  7  0 0   0  0    0    0 0.0 0 0 2 6  0% 8855 230 100%
c )  0.02  9  0 0   0  0    0    0 0.0 0 0 2 6  0% 8855 230 100%
c {  0.02  9  0 0   0  0    0    0 0.0 0 0 2 6  0% 8855 230 100%
c -  0.02  7 50 1   3  2  301   68 1.2 21 18 2 6 66% 8855 230 100%
c -  0.03  7 30 2   3  1  734  133 1.2 19 15 2 6 62% 8855 230 100%
c }  0.03  8 26 2   3  1 1001  311 1.3 18 15 2 6 61% 8855 230 100%
c [  0.03  8  0 2   3  0 1001  311 0.0 0 0 2 6  0% 8855 230 100%
c O  0.03  8 131 2   3 132 1002  312 1.1 29 26 2 6 66% 8855 230 100%
c -  0.03  8 97 3   3  1 1414  209 1.3 23 18 2 6 65% 8855 230 100%
c ]  0.06  9 53 3   3  1 2037  479 1.3 18 14 2 6 52% 8855 230 100%
c {  0.06  9 26 3   3  1 2037  479 1.3 18 15 2 6 61% 8855 230 100%
c -  0.06  8 23 4   3  1 2355  199 1.3 17 14 2 6 57% 8855 230 100%
c O  0.06  8 20 4   4  1 3003  523 1.3 16 13 2 6 53% 8855 230 100%
c -  0.08  9 19 5   4  1 3569  245 1.3 17 13 2 6 52% 8855 230 100%
c -  0.09  8 17 6   4  1 5064  983 1.3 16 12 10 13 52% 8855 230 100%
c #  0.11  8 15 6   4  1 6005 1501 1.3 16 12 10 13 52% 8855 230 100%
c }  0.12  9 15 6   4  1 6790 1926 1.3 15 11 10 13 53% 8855 230 100%
c [  0.12  9 53 6   4  1 6790 1926 1.3 18 14 2 6 52% 8855 230 100%
c -  0.12  9 51 7   4  1 6843 1921 1.3 18 14 2 6 52% 8855 230 100%
c -  0.16  9 26 8   6  1 8911 2742 1.3 17 12 11 15 52% 8855 230 100%
c 
c  seconds  reduction conflicts       size    tier2      variables
c         MB    restarts   redundant     glue     trail      remaining
c          level     rate       size/glue  tier1   irredundant
c 
c u  0.17  9 25 8   6  1 9366 2964 1.4 17 12 10 13 52% 8855 230 100%
c v  0.17  9 25 8   6  1 9366 2950 1.4 17 12 10 13 52% 8855 230 100%
c w  0.17  9 25 8   6  1 9366 2923 1.4 17 12 10 13 52% 8855 230 100%
c x  0.17  9 25 8   6  1 9366 2922 1.4 17 12 10 13 52% 8852 230 100%
c I  0.19  9 24 8   6  1 10007 3375 1.4 17 12 10 13 52% 8852 230 100%
c ]  0.19  9 23 8   7  1 10132 3442 1.4 17 12 10 13 52% 8852 230 100%
c {  0.19  9 15 8   7  1 10132 3442 1.3 15 11 10 13 53% 8852 230 100%
c s  0.20  8 15 8   7  1 10535 2999 1.4 15 11 10 13 54% 8818 230 100%
c e  0.20  9 15 8   7  1 10535 2998 1.4 15 11 10 13 54% 7617  94 41%
c s  0.20  9 15 8   7  1 10535 2998 1.4 15 11 10 13 54% 7564  94 41%
c -  0.22  9 14 9   7  1 11271 3107 1.4 15 11 10 13 82% 7564  94 41%
c -  0.25  9 13 10  11  1 13927 3765 1.4 14 10 8 11 81% 7564  94 41%
c B  0.27  9 13 10  15  1 15010 4258 1.4 14 10 8 11 81% 7564  94 41%
c -  0.31  9 12 11  51  1 16880 4446 1.3 13 10 8 11 81% 7564  94 41%
c u  0.33 10 12 11  55  1 17957 5078 1.4 13 10 8 11 81% 7564  94 41%
c v  0.33 10 12 11  55  1 17957 5075 1.4 13 10 8 11 81% 7564  94 41%
c w  0.33 10 12 11  55  1 17957 5073 1.4 13 10 8 11 81% 7564  94 41%
c x  0.33 10 12 11  55  1 17957 5073 1.4 13 10 8 11 81% 7563  94 41%
c }  0.34 10 12 11  79  1 18990 5649 1.3 13 10 8 11 81% 7563  94 41%
c [  0.34 10 23 11  79  1 18990 5649 1.4 17 12 10 13 129% 7563  94 41%
c 
c  seconds  reductions  conflicts       size    tier2       variables
c         MB     restarts    redundant     glue     trail       remaining
c          level      rate        size/glue  tier1    irredundant
c 
c -  0.36  9 21 12  80  1 20130 5724 1.4 16 12 10 13 118% 7563  94 41%
c B  0.38 10 20 12  80  1 21013 6206 1.4 16 12 10 13 112% 7563  94 41%
c -  0.44  9 18 13  82  1 23677 7018 1.4 16 12 9 12 101% 7563  94 41%
c -  0.50 10 18 14  83  1 27523 8032 1.4 17 12 9 12 93% 7563  94 41%
c W  0.55 10 17 14  83  1 28016 8292 1.4 17 12 9 12 92% 7563  94 41%
c ]  0.56 10 17 14  83  1 28155 8371 1.4 17 12 9 12 92% 7563  94 41%
c {  0.56 10 12 14  83  1 28155 8371 1.3 13 10 8 11 81% 7563  94 41%
c -  0.62 10 12 15 116  1 31670 9150 1.4 13 9 8 11 79% 7563  94 41%
c u  0.62 11 12 15 116  1 31670 9150 1.4 13 9 8 11 79% 7563  94 41%
c v  0.62 11 12 15 116  1 31670 9149 1.4 13 9 8 11 79% 7563  94 41%
c w  0.62 11 12 15 116  1 31670 9147 1.4 13 9 8 11 79% 7563  94 41%
c x  0.62 11 12 15 116  1 31670 9147 1.4 13 9 8 11 79% 7557  94 41%
c s  0.72 10 11 15 171  1 35858 11298 1.4 12 9 8 11 79% 7545  94 41%
c s  0.72 10 11 15 171  1 35858 11298 1.4 12 9 8 11 79% 7515  94 41%
c W  0.73 11 11 15 171  1 36017 11376 1.4 12 9 8 11 79% 7515  94 41%
c -  0.75 11 11 16 171  1 36119 10779 1.4 12 9 8 11 79% 7515  94 41%
c }  0.83 12 11 16 295  1 40681 13043 1.4 12 9 7 9 80% 7515  94 41%
c [  0.83 12 17 16 295  1 40681 13043 1.4 17 12 9 12 92% 7515  94 41%
c -  0.84 10 17 17 295  1 40871 10785 1.4 17 12 9 12 92% 7515  94 41%
c O  0.95 11 17 17 298  1 45021 13132 1.4 17 12 9 12 89% 7515  94 41%
c 
c  seconds  reductions  conflicts        size   tier2      variables
c         MB     restarts     redundant     glue    trail      remaining
c          level      rate         size/glue  tier1  irredundant
c 
c -  0.98 10 17 18 299  1 45926 11472 1.4 17 12 9 12 88% 7515  94 41%
c u  1.00 11 17 18 299  1 45926 11458 1.4 17 12 9 12 88% 7515  94 41%
c v  1.00 12 17 18 299  1 45926 11451 1.4 17 12 9 12 88% 7515  94 41%
c w  1.00 12 17 18 299  1 45926 11446 1.4 17 12 9 12 88% 7515  94 41%
c x  1.02 12 17 18 299  1 45926 11446 1.4 17 12 9 12 88% 7515  94 41%
c ]  1.14 12 16 18 301  1 51007 14261 1.4 17 12 9 12 85% 7515  94 41%
c {  1.14 12 11 18 301  1 51007 14261 1.4 12 9 7 9 80% 7515  94 41%
c -  1.16 11 11 19 301  1 51283 12397 1.4 12 9 7 9 80% 7515  94 41%
c F  1.25 11 11 19 360  1 55022 14111 1.4 12 9 7 9 79% 7515  94 41%
c -  1.28 11 11 20 413  1 56944 13852 1.4 12 9 7 9 79% 7515  94 41%
c u  1.30 12 11 20 413  1 56944 13829 1.4 12 9 7 9 79% 7515  94 41%
c v  1.30 12 11 20 413  1 56944 13428 1.4 12 9 7 9 79% 7515  94 41%
c w  1.30 12 11 20 413  1 56944 13213 1.4 12 9 7 9 79% 7515  94 41%
c x  1.31 12 11 20 413  1 56944 13212 1.4 12 9 7 9 79% 4963  94 41%
c t  1.31 12 11 20 413  1 56944 13210 1.4 12 9 7 9 79% 4963  94 41%
c -  1.39 10 10 21 558  1 62910 14666 1.4 12 9 7 9 80% 4963  94 41%
c B  1.45 11 10 21 648  1 66023 15994 1.4 12 9 7 9 80% 4963  94 41%
c -  1.52 10 10 22 742  1 69181 16390 1.4 12 8 7 9 80% 4963  94 41%
c }  1.58 11 10 22 847  1 72713 17925 1.4 11 8 6 8 79% 4963  94 41%
c [  1.58 11 16 22 847  1 72713 17925 1.4 17 12 9 12 85% 4963  94 41%
c 
c  seconds  reductions  conflicts        size   tier2      variables
c         MB     restarts     redundant     glue    trail      remaining
c          level      rate         size/glue  tier1  irredundant
c 
c s  1.61 11 16 22 847  1 73784 18404 1.4 16 12 9 12 85% 4949  94 41%
c s  1.62 11 16 22 847  1 73784 18404 1.4 16 12 9 12 85% 4944  94 41%
c -  1.67 11 15 23 848  1 75756 15052 1.4 16 12 9 12 84% 4944  94 41%
c u  1.69 11 15 23 848  1 75756 15033 1.4 16 12 9 12 84% 4942  94 41%
c v  1.69 12 15 23 848  1 75756 15028 1.4 16 12 9 12 84% 4942  94 41%
c w  1.69 12 15 23 848  1 75756 14922 1.4 16 12 9 12 84% 4942  94 41%
c t  1.69 11 15 23 848  1 75756 14920 1.4 16 12 9 12 84% 4942  94 41%
c B  1.72 11 15 23 848  1 78024 16104 1.4 16 11 9 12 84% 4942  94 41%
c -  1.84 11 15 24 849  1 82636 15246 1.4 16 12 9 12 83% 4942  94 41%
c -  1.98 11 15 25 854  1 89822 16012 1.4 16 12 9 12 81% 4942  94 41%
c u  2.02 11 15 25 854  1 89822 15989 1.4 16 12 9 12 81% 4942  94 41%
c v  2.02 12 15 25 854  1 89822 15959 1.4 16 12 9 12 81% 4942  94 41%
c w  2.02 12 15 25 854  1 89822 15897 1.4 16 12 9 12 81% 4942  94 41%
c x  2.02 12 15 25 854  1 89822 15896 1.4 16 12 9 12 81% 3796  94 41%
c W  2.06 12 14 25 855  1 91026 16443 1.4 16 11 9 12 81% 3796  94 41%
c ]  2.12 12 14 25 856  1 95245 18332 1.4 16 11 9 12 81% 3796  94 41%
c {  2.12 12 10 25 856  1 95245 18332 1.4 11 8 6 8 79% 3796  94 41%
c i  2.12 12 10 25 856  1 95499 18388 1.4 11 8 6 8 79% 3796  88 38%
c -  2.19  9 10 26 862  1 97314 5973 1.4 11 8 6 8 80% 2774  88 38%
c u  2.19  9 10 26 862  1 97314 5923 1.4 11 8 6 8 80% 2774  88 38%
c 
c  seconds  reductions  conflicts       size  tier2     variables
c         MB     restarts    redundant     glue  trail      remaining
c          level      rate        size/glue tier1 irredundant
c 
c v  2.19 10 10 26 862  1 97314 5870 1.4 11 8 6 8 80% 2774  88 38%
c w  2.20 10 10 26 862  1 97314 5799 1.4 11 8 6 8 80% 2774  88 38%
c x  2.20 10 10 26 862  1 97314 5798 1.4 11 8 6 8 80% 2770  88 38%
c W  2.30 10 10 26 1061  1 105029 9328 1.4 11 8 6 8 80% 2769  88 38%
c -  2.30  9 10 27 1061  1 105113 8849 1.4 11 8 6 8 80% 2769  88 38%
c i  2.39 10 10 27 1189  1 112586 12221 1.4 11 8 6 8 80% 2768  87 38%
c -  2.42  9 10 28 1217  1 113220 8295 1.4 11 8 6 8 80% 2759  87 38%
c u  2.42 10 10 28 1217  1 113220 8263 1.4 11 8 6 8 80% 2758  87 38%
c v  2.42 10 10 28 1217  1 113220 8236 1.4 11 8 6 8 80% 2758  87 38%
c w  2.42 10 10 28 1217  1 113220 8217 1.4 11 8 6 8 80% 2758  87 38%
c x  2.42 10 10 28 1217  1 113220 8217 1.4 11 8 6 8 80% 2752  87 38%
c s  2.52 10 10 28 1367  1 119522 11111 1.4 11 8 6 8 80% 2598  87 38%
c s  2.52 11 10 28 1367  1 119522 11105 1.4 11 8 6 8 80% 2503  87 38%
c #  2.53 11 10 28 1382  1 120031 11343 1.4 11 8 6 8 80% 2503  87 38%
c -  2.56 10 10 29 1401  1 121639 11135 1.4 11 8 6 8 80% 2503  87 38%
c i  2.59 10  9 29 1437  1 124607 12521 1.4 11 8 6 8 80% 2503  86 37%
c -  2.69 10  9 30 1693  1 130359 11951 1.4 11 8 6 8 80% 2496  86 37%
c u  2.69 11  9 30 1693  1 130359 11921 1.4 11 8 6 8 80% 2496  86 37%
c v  2.69 11  9 30 1693  1 130359 11906 1.4 11 8 6 8 80% 2496  86 37%
c w  2.69 11  9 30 1693  1 130359 11888 1.4 11 8 6 8 80% 2496  86 37%
c 
c  seconds  reductions   conflicts         size  tier2     variables
c         MB     restarts       redundant     glue  trail      remaining
c          level       rate          size/glue tier1 irredundant
c 
c x  2.69 11  9 30 1693  1 130359 11887 1.4 11 8 6 8 80% 2489  86 37%
c }  2.72 11  9 30 1811  1 132647 12980 1.4 11 8 6 8 80% 2489  86 37%
c [  2.72 11 14 30 1811  1 132647 12980 1.4 16 11 9 12 81% 2489  86 37%
c I  2.78 11 14 30 1813  1 136032 14742 1.4 15 11 9 12 80% 2489  86 37%
c -  2.83 10 13 31 1816  1 139385 14863 1.4 15 11 7 11 80% 2489  86 37%
c p  2.84 11 13 31 1816  1 139385 14864 1.4 15 11 7 11 80% 2489  86 37%
c i  2.84 11 13 31 1816  1 140156 15130 1.4 15 11 7 11 80% 2489  83 36%
c i  2.86 11 13 31 1816  1 140625 15384 1.4 15 11 7 11 80% 2488  82 35%
c i  2.88 11 13 31 1817  1 141691 15875 1.4 15 11 7 11 80% 2488  75 32%
c i  2.88 11 13 31 1817  1 142021 16017 1.4 15 11 7 11 80% 2488  59 26%
c i  2.88 11 13 31 1817  1 142042 16023 1.4 15 11 7 11 80% 2488  50 22%
c ]  2.88 11 13 31 1817  1 142061 16031 1.4 15 11 7 11 80% 2488  19  8%
c 0  2.88 11 13 31 1817  1 142061 16031 1.4 15 11 7 11 80% 2488  19  8%
c 
c --- [ closing proof ] ------------------------------------------------------
c 
c DRAT proof file 'E:/OrderedRamseyZ3/proofs/n18_N22_ascii.drat' closed
c DRAT 148996 added clauses 51.69%
c DRAT 139256 deleted clauses 48.31%
c DRAT 16788015 bytes (16.01 MB)
c 
c --- [ result ] -------------------------------------------------------------
c 
s UNSATISFIABLE
c 
c --- [ run-time profiling ] -------------------------------------------------
c 
c process time taken by individual solving procedures
c (percentage relative to process time for solving)
c 
c         2.56   89.62% search
c         1.36   47.54% unstable
c         1.14   39.89% stable
c         0.30   10.38% simplify
c         0.09    3.28% vivify
c         0.08    2.73% subsume
c         0.06    2.19% walk
c         0.05    1.64% congruence
c         0.03    1.09% sweep
c         0.02    0.55% probe
c         0.02    0.55% elim
c         0.02    0.55% parse
c   =================================
c         2.86   99.46% solve
c 
c last line shows process time for solving
c (percentage relative to total process time)
c 
c --- [ statistics ] ---------------------------------------------------------
c 
c chronological:             17284        12.17 %  of conflicts
c conflicts:                142061     49682.54    per second
c backbone:                  44179     19125.11 %  of vars
c decisions:                157596     55115.54    per second
c eliminated:                  136        58.87 %  of all variables
c fixed:                        75        32.47 %  of all variables
c learned:                  138143        97.24 %  per conflict
c learned_lits:            3262787       100.00 %  learned literals
c minimized:                     0         0.00 %  learned literals
c shrunken:                1430078        43.83 %  learned literals
c minishrunken:              93502         2.87 %  learned literals
c otfs:                       2074         1.46 %  of conflict
c propagations:            2085588         0.73 M  per second
c reduced:                   33571        23.63 %  per conflict
c rephased:                     16      8878.81    interval
c restarts:                   1817        78.18    interval
c stabilizing:                   6        39.02 %  of conflicts
c subsumed:                  78026        52.99 %  of all clauses
c strengthened:               3387         2.30 %  of all clauses
c ticks:                 104313566        51.93    propagation
c vivified:                   5206         3.54 %  of all clauses
c walked:                        4     35515.25    interval
c weakened:                   1205         2.01    average size
c 
c seconds are measured in process time for solving
c 
c --- [ glue usage ] ---------------------------------------------------------
c 
c focused glue 6 used 34394 clauses 15.58% accumulated 62.42% tier1
c focused glue 7 used 27656 clauses 12.52% accumulated 74.95%
c focused glue 8 used 19778 clauses 8.959% accumulated 83.91% tier2
c 
c stable glue 7 used 18646 clauses 10.10% accumulated 57.77% tier1
c stable glue 8 used 16870 clauses 9.143% accumulated 66.91%
c stable glue 9 used 14069 clauses 7.625% accumulated 74.54%
c stable glue 10 used 11886 clauses 6.442% accumulated 80.98% tier2
c 
c 
c --- [ resources ] ----------------------------------------------------------
c 
c total process time since initialization:         2.89    seconds
c total real time since initialization:            2.91    seconds
c maximum resident set size of process:           14.04    MB
c 
c --- [ shutting down ] ------------------------------------------------------
c 
c exit 20
