c --- [ banner ] -------------------------------------------------------------
c 
c CaDiCaL SAT Solver
c Copyright (c) 2016-2026
c A. Biere, M. Fleury, N. Froleyks, K. Fazekas, F. Pollitt, T. Faller
c JKU Linz, University of Freiburg, TU Wien
c 
c Version 3.0.1
c g++.exe (Rev3, Built by MSYS2 project) 16.2.0 -Wall -Wextra -O3 -DNDEBUG -DNUNLOCKED -DNCLOSEFROM
c Sat Aug 29 18:00:44 CST 2026 MINGW64_NT-10.0-26200 LAPTOP-TRJ5SOMK 3.6.10-8fbd9808.x86_64 x86_64
c 
c --- [ proof tracing ] ------------------------------------------------------
c 
c opening file to write 'E:/OrderedRamseyZ3_upload/proofs/n19_N23_ascii.drat'
c writing non-binary proof trace to 'E:/OrderedRamseyZ3_upload/proofs/n19_N23_ascii.drat'
c 
c --- [ parsing input ] ------------------------------------------------------
c 
c reading DIMACS file from 'E:/OrderedRamseyZ3_upload/cnf/n19_N23.cnf'
c opening file to read 'E:/OrderedRamseyZ3_upload/cnf/n19_N23.cnf'
c found 'p cnf 253 10626' header
c parsed 10626 clauses in 0.03 seconds process time
c 
c --- [ options ] ------------------------------------------------------------
c 
c   --binary=false                 (different from default 'true')
c 
c --- [ solving ] ------------------------------------------------------------
c 
c time measured in process time since initialization
c 
c  seconds  reduction conflicts       size tier2      variables
c         MB    restarts   redundant    glue  trail       remaining
c          level     rate       size/glu tier1  irredundant
c 
c *  0.03  7  0 0   0  0    0    0 0.0 0 0 2 6  0% 10626 252 100%
c )  0.03  9  0 0   0  0    0    0 0.0 0 0 2 6  0% 10626 252 100%
c {  0.03  9  0 0   0  0    0    0 0.0 0 0 2 6  0% 10626 252 100%
c -  0.03  8 87 1   1  2  303   59 1.1 32 29 2 6 71% 10626 252 100%
c -  0.05  8 52 2   1  1  740   96 1.1 26 23 2 6 62% 10626 252 100%
c }  0.05  8 45 2   1  1 1001  297 1.2 26 21 2 6 62% 10626 252 100%
c [  0.05  8  0 2   1  0 1001  297 0.0 0 0 2 6  0% 10626 252 100%
c O  0.05  8 150 2   1 151 1002  298 1.0 35 34 2 6 73% 10626 252 100%
c -  0.06  9 111 3   1  1 1423  167 1.2 27 22 2 6 69% 10626 252 100%
c ]  0.06  8 108 3   1  1 1580  299 1.3 26 21 2 6 70% 10626 252 100%
c {  0.06  8 45 3   1  1 1580  299 1.2 26 21 2 6 62% 10626 252 100%
c -  0.09  9 35 4   1  1 2366  248 1.3 23 18 2 6 60% 10626 252 100%
c O  0.11  9 30 4   1  1 3003  719 1.4 23 17 2 6 61% 10626 252 100%
c -  0.12  9 27 5   7  1 3582  302 1.4 22 16 2 6 60% 10626 252 100%
c -  0.14  9 22 6   7  1 5079 1144 1.4 19 14 11 15 59% 10626 252 100%
c #  0.16  9 21 6   7  1 6004 1669 1.4 18 13 11 15 60% 10626 252 100%
c }  0.17  9 20 6  11  1 6418 1914 1.4 18 13 11 14 60% 10626 252 100%
c [  0.17  9 108 6  11  1 6418 1914 1.3 26 21 2 6 70% 10626 252 100%
c u  0.19 10 74 6  11  1 6726 2045 1.2 22 18 2 6 67% 10626 252 100%
c v  0.19 10 74 6  11  1 6726 2031 1.2 22 18 2 6 67% 10626 252 100%
c 
c  seconds  reduction conflicts       size   tier2      variables
c         MB    restarts   redundant     glue   trail       remaining
c          level     rate       size/glue  tier1  irredundant
c 
c w  0.19 10 74 6  11  1 6726 2024 1.2 22 18 2 6 67% 10626 252 100%
c -  0.19  9 66 7  11  1 6862 2046 1.2 21 17 2 6 66% 10625 252 100%
c -  0.22  9 31 8  13  1 8934 2984 1.3 17 14 12 19 61% 10625 252 100%
c I  0.23  9 27 8  13  1 10006 3526 1.3 17 13 10 13 61% 10625 252 100%
c s  0.25  8 24 8  14  1 10799 2983 1.3 16 13 10 13 62% 10625 252 100%
c e  0.27  9 24 8  14  1 10799 2981 1.3 16 13 10 13 62% 8442  90 36%
c ^  0.27  9 24 8  14  1 10799 2981 1.3 16 13 10 13 62% 8442  90 36%
c -  0.28  9 23 9  15  1 11296 3043 1.3 16 12 10 13 91% 8442  90 36%
c ]  0.31  9 20 9  16  1 13569 4256 1.3 16 12 9 12 89% 8442  90 36%
c {  0.31  9 20 9  16  1 13569 4256 1.4 18 13 11 14 168% 8442  90 36%
c -  0.31  9 20 10  16  1 13954 4171 1.4 18 13 11 14 163% 8442  90 36%
c B  0.33  9 18 10  16  1 15008 4681 1.3 17 13 11 14 152% 8442  90 36%
c u  0.34 10 18 10  16  1 15076 4732 1.3 17 13 11 14 151% 8442  90 36%
c v  0.34 11 18 10  16  1 15076 4726 1.3 17 13 11 14 151% 8442  90 36%
c w  0.34 11 18 10  16  1 15076 4724 1.3 17 13 11 14 151% 8442  90 36%
c -  0.39  9 17 11  18  1 16907 5471 1.3 16 12 11 14 138% 8442  90 36%
c -  0.45 10 15 12  40  1 20158 6777 1.3 15 11 11 14 123% 8442  90 36%
c W  0.48 10 15 12  40  1 21011 7234 1.3 15 11 11 14 121% 8442  90 36%
c u  0.48 11 15 12  40  1 21027 7246 1.3 15 11 11 14 121% 8442  90 36%
c v  0.48 11 15 12  40  1 21027 7236 1.3 15 11 11 14 121% 8442  90 36%
c 
c  seconds  reductions  conflicts       size    tier2       variables
c         MB     restarts    redundant     glue     trail       remaining
c          level      rate        size/glue  tier1    irredundant
c 
c w  0.48 11 15 12  40  1 21027 7232 1.3 15 11 11 14 121% 8442  90 36%
c }  0.53 11 15 12  40  1 23040 8287 1.3 15 11 9 11 117% 8442  90 36%
c [  0.53 11 20 12  40  1 23040 8287 1.3 16 12 9 12 89% 8442  90 36%
c -  0.55 10 20 13  40  1 23710 7139 1.3 15 12 9 12 90% 8442  90 36%
c -  0.61 10 18 14  41  1 27560 8197 1.3 15 12 9 12 90% 8442  90 36%
c B  0.62 11 18 14  42  1 28014 8427 1.3 15 12 9 12 90% 8442  90 36%
c -  0.70 10 18 15  44  1 31710 9350 1.3 16 12 9 12 90% 8442  90 36%
c u  0.70 11 18 15  44  1 31710 9347 1.3 16 12 9 12 90% 8442  90 36%
c v  0.72 11 18 15  44  1 31710 9337 1.3 16 12 9 12 90% 8442  90 36%
c w  0.72 12 18 15  44  1 31710 9335 1.3 16 12 9 12 90% 8442  90 36%
c ]  0.75 12 17 15  45  1 33217 10220 1.3 16 12 9 12 90% 8442  90 36%
c {  0.75 12 15 15  45  1 33217 10220 1.3 15 11 9 11 117% 8442  90 36%
c F  0.80 12 14 15 126  1 36017 11800 1.3 15 11 9 11 112% 8442  90 36%
c -  0.81 10 14 16 126  1 36161 10684 1.3 15 11 9 11 112% 8442  90 36%
c s  0.83 10 14 16 126  1 37006 11081 1.3 15 11 9 11 111% 8440  90 36%
c ^  0.84 10 14 16 126  1 37006 11081 1.3 15 11 9 11 111% 8440  90 36%
c -  0.94 10 13 17 144  1 40916 10766 1.4 14 10 8 10 106% 8440  90 36%
c u  0.94 12 13 17 144  1 40916 10764 1.4 14 10 8 10 106% 8440  90 36%
c v  0.94 12 13 17 144  1 40916 10762 1.4 14 10 8 10 106% 8440  90 36%
c w  0.94 12 13 17 144  1 40916 10759 1.4 14 10 8 10 106% 8440  90 36%
c 
c  seconds  reductions  conflicts        size   tier2       variables
c         MB     restarts     redundant     glue    trail       remaining
c          level      rate         size/glue  tier1   irredundant
c 
c B  1.02 12 13 17 157  1 45018 12401 1.3 14 10 8 10 103% 8440  90 36%
c -  1.03 10 13 18 165  1 45973 11501 1.3 14 10 8 10 103% 8440  90 36%
c }  1.09 11 13 18 211  1 49596 13289 1.3 13 10 8 10 101% 8440  90 36%
c [  1.09 11 17 18 211  1 49596 13289 1.3 16 12 9 12 90% 8440  90 36%
c -  1.12 11 17 19 213  1 51334 13082 1.3 16 12 9 12 89% 8440  90 36%
c v  1.14 12 17 19 213  1 51334 13079 1.3 16 12 9 12 89% 8440  90 36%
c x  1.16 13 17 19 213  1 51334 13079 1.3 16 12 9 12 89% 8438  90 36%
c W  1.25 13 19 19 214  1 55020 15775 1.3 18 14 9 12 90% 8438  90 36%
c -  1.31 11 19 20 215  1 56999 13948 1.3 18 14 9 12 90% 8438  90 36%
c -  1.42 11 18 21 215  1 62970 14957 1.3 18 14 9 12 89% 8438  90 36%
c u  1.44 12 18 21 215  1 62970 14956 1.3 18 14 9 12 89% 8438  90 36%
c w  1.44 13 18 21 215  1 62970 14955 1.3 18 14 9 12 89% 8438  90 36%
c O  1.50 13 18 21 216  1 66021 16993 1.3 19 14 9 12 90% 8438  90 36%
c ]  1.53 13 18 21 217  1 67231 17821 1.3 19 14 9 12 89% 8438  90 36%
c {  1.53 13 13 21 217  1 67231 17821 1.3 13 10 8 10 101% 8438  90 36%
c -  1.58 11 12 22 260  1 69243 16214 1.3 13 10 8 10 100% 8438  90 36%
c -  1.70 11 12 23 296  1 75821 18138 1.3 13 10 8 10 98% 8438  90 36%
c v  1.70 13 12 23 296  1 75821 18135 1.3 13 10 8 10 98% 8438  90 36%
c w  1.70 13 12 23 296  1 75821 18135 1.3 13 10 8 10 98% 8438  90 36%
c s  1.73 10 12 23 296  1 76316 18382 1.3 13 10 8 10 98% 8434  90 36%
c 
c  seconds  reductions  conflicts        size   tier2      variables
c         MB     restarts     redundant     glue    trail      remaining
c          level      rate         size/glue  tier1  irredundant
c 
c ^  1.75 11 12 23 296  1 76316 18382 1.3 13 10 8 10 98% 8434  90 36%
c W  1.80 13 12 23 332  1 78022 19032 1.3 13 10 8 10 97% 8434  90 36%
c -  1.89 11 12 24 474  1 82707 19991 1.3 13 10 8 10 96% 8434  90 36%
c -  2.03 12 12 25 573  1 89897 22382 1.3 12 9 8 10 95% 8434  90 36%
c v  2.06 14 12 25 573  1 89897 22379 1.3 12 9 8 10 95% 8434  90 36%
c w  2.06 14 12 25 573  1 89897 22377 1.3 12 9 8 10 95% 8434  90 36%
c #  2.09 14 11 25 612  1 91024 22933 1.3 12 9 8 10 95% 8434  90 36%
c }  2.12 14 11 25 635  1 92476 23614 1.3 12 9 8 10 94% 8434  90 36%
c [  2.12 14 18 25 635  1 92476 23614 1.3 19 14 9 12 89% 8434  90 36%
c -  2.25 12 18 26 639  1 97395 24615 1.3 19 14 9 12 89% 8434  90 36%
c B  2.39 15 17 26 642  1 105029 28531 1.3 18 13 9 12 88% 8434  90 36%
c -  2.42 13 18 27 642  1 105199 26148 1.3 18 14 9 12 88% 8434  90 36%
c u  2.44 14 18 27 642  1 105199 26147 1.3 18 14 9 12 88% 8434  90 36%
c v  2.44 15 18 27 642  1 105199 26141 1.3 18 14 9 12 88% 8434  90 36%
c w  2.44 15 18 27 642  1 105199 26132 1.3 18 14 9 12 88% 8434  90 36%
c -  2.66 13 19 28 647  1 113308 27110 1.3 19 15 9 12 88% 8434  90 36%
c ]  2.70 14 19 28 647  1 115315 28426 1.3 20 15 9 12 88% 8434  90 36%
c {  2.70 14 11 28 647  1 115315 28426 1.3 12 9 8 10 94% 8434  90 36%
c B  2.80 15 11 28 808  1 120031 30684 1.3 12 9 8 10 93% 8434  90 36%
c -  2.84 13 11 29 836  1 121723 28572 1.3 12 9 8 10 93% 8434  90 36%
c 
c  seconds  reductions  conflicts         size  tier2      variables
c         MB     restarts      redundant     glue   trail      remaining
c          level      rate          size/glue tier1  irredundant
c 
c u  2.86 15 11 29 836  1 121723 28571 1.3 12 9 8 10 93% 8434  90 36%
c v  2.86 16 11 29 836  1 121723 28570 1.3 12 9 8 10 93% 8434  90 36%
c w  2.86 16 11 29 836  1 121723 28565 1.3 12 9 8 10 93% 8434  90 36%
c x  2.86 16 11 29 836  1 121723 28565 1.3 12 9 8 10 93% 8425  90 36%
c ^  3.06 15 11 29 1043  1 128719 31828 1.3 12 9 8 10 93% 8425  90 36%
c -  3.11 14 11 30 1146  1 130445 31234 1.3 12 9 8 10 92% 8425  90 36%
c W  3.30 16 11 30 1260  1 136032 33747 1.3 12 9 8 10 92% 8425  90 36%
c -  3.39 13 11 31 1417  1 139474 27593 1.3 12 9 7 9 91% 8425  90 36%
c u  3.41 15 11 31 1417  1 139474 27583 1.3 12 9 7 9 91% 8425  90 36%
c v  3.41 15 11 31 1417  1 139474 27579 1.3 12 9 7 9 91% 8425  90 36%
c w  3.42 15 11 31 1417  1 139474 27567 1.3 12 9 7 9 91% 8425  90 36%
c }  3.53 15 11 31 1542  1 144778 30218 1.3 12 9 7 9 91% 8425  90 36%
c [  3.53 15 19 31 1542  1 144778 30218 1.3 20 15 9 12 88% 8425  90 36%
c -  3.62 13 19 32 1543  1 148810 28102 1.3 19 14 9 12 88% 8425  90 36%
c W  3.75 14 18 32 1543  1 153034 30225 1.3 19 14 9 12 88% 8425  90 36%
c -  3.88 14 18 33 1544  1 158454 28998 1.3 19 14 9 12 88% 8425  90 36%
c u  3.89 15 18 33 1544  1 158454 28996 1.3 19 14 9 12 88% 8425  90 36%
c v  3.89 15 18 33 1544  1 158454 28995 1.3 19 14 9 12 88% 8425  90 36%
c w  3.89 15 18 33 1544  1 158454 28994 1.3 19 14 9 12 88% 8425  90 36%
c x  3.91 15 18 33 1544  1 158454 28994 1.3 19 14 9 12 88% 8420  90 36%
c 
c  seconds  reductions   conflicts         size   tier2      variables
c         MB     restarts       redundant     glue    trail      remaining
c          level       rate          size/glue  tier1  irredundant
c 
c -  4.12 13 17 34 1544  1 168406 30278 1.3 18 14 9 12 87% 8420  90 36%
c I  4.19 15 17 34 1545  1 171035 31778 1.3 18 14 9 12 88% 8420  90 36%
c -  4.34 14 17 35 1551  1 178667 31909 1.3 18 14 9 12 88% 8420  90 36%
c u  4.36 16 17 35 1551  1 178667 31907 1.3 18 14 9 12 88% 8420  90 36%
c v  4.38 16 17 35 1551  1 178667 31906 1.3 18 14 9 12 88% 8420  90 36%
c w  4.38 16 17 35 1551  1 178667 31903 1.3 18 14 9 12 88% 8420  90 36%
c x  4.38 16 17 35 1551  1 178667 31903 1.3 18 14 9 12 88% 8416  90 36%
c ]  4.39 16 17 35 1551  1 178979 32095 1.3 18 14 9 12 88% 8416  90 36%
c {  4.39 16 11 35 1551  1 178979 32095 1.3 12 9 7 9 91% 8416  90 36%
c -  4.62 14 11 36 1909  1 189237 33632 1.3 12 9 7 9 90% 8416  90 36%
c F  4.64 15 11 36 1921  1 190037 33904 1.3 12 9 7 9 90% 8416  90 36%
c s  4.75 14 11 36 2072  1 194206 35809 1.3 12 9 7 9 90% 8416  90 36%
c ^  4.78 14 11 36 2072  1 194206 35809 1.3 12 9 7 9 90% 8416  90 36%
c -  4.94 17 11 37 2280  1 200113 36165 1.3 12 9 7 9 90% 8416  90 36%
c u  4.95 18 11 37 2280  1 200113 36158 1.3 12 9 7 9 90% 8416  90 36%
c v  4.95 18 11 37 2280  1 200113 36156 1.3 12 9 7 9 90% 8416  90 36%
c w  4.95 18 11 37 2280  1 200113 36154 1.3 12 9 7 9 90% 8416  90 36%
c x  4.95 18 11 37 2280  1 200113 36154 1.3 12 9 7 9 90% 8410  90 36%
c B  5.17 18 11 37 2506  1 210042 40787 1.3 12 9 7 9 89% 8410  90 36%
c -  5.22 15 11 38 2566  1 211296 38968 1.3 12 9 7 9 89% 8410  90 36%
c 
c  seconds  reductions   conflicts         size  tier2     variables
c         MB     restarts       redundant     glue  trail      remaining
c          level       rate          size/glue tier1 irredundant
c 
c }  5.41 17 11 38 2927  1 219085 42210 1.3 12 9 7 9 89% 8410  90 36%
c [  5.41 17 17 38 2927  1 219085 42210 1.3 18 14 9 12 88% 8410  90 36%
c -  5.50 15 17 39 2927  1 222788 41412 1.3 18 13 9 12 88% 8410  90 36%
c u  5.53 17 17 39 2927  1 222788 41409 1.3 18 13 9 12 88% 8410  90 36%
c v  5.53 18 17 39 2927  1 222788 41408 1.3 18 13 9 12 88% 8410  90 36%
c w  5.53 18 17 39 2927  1 222788 41405 1.3 18 13 9 12 88% 8410  90 36%
c x  5.55 18 17 39 2927  1 222788 41405 1.3 18 13 9 12 88% 8399  90 36%
c B  5.75 18 17 39 2933  1 231045 46634 1.3 18 14 9 12 88% 8399  90 36%
c -  5.86 15 17 40 2934  1 234588 42755 1.3 18 14 9 12 88% 8399  90 36%
c -  6.22 16 17 41 2938  1 246698 43578 1.4 18 14 9 12 88% 8399  90 36%
c u  6.23 18 17 41 2938  1 246698 43571 1.4 18 14 9 12 88% 8399  90 36%
c v  6.25 18 17 41 2938  1 246698 43571 1.4 18 14 9 12 88% 8399  90 36%
c w  6.25 18 17 41 2938  1 246698 43569 1.4 18 14 9 12 88% 8399  90 36%
c x  6.25 19 17 41 2938  1 246698 43569 1.4 18 14 9 12 88% 8388  90 36%
c W  6.53 19 17 41 2942  1 253049 47321 1.4 18 14 9 12 88% 8388  90 36%
c ]  6.59 19 17 41 2942  1 255682 48916 1.4 18 14 9 12 88% 8388  90 36%
c {  6.59 19 11 41 2942  1 255682 48916 1.3 12 9 7 9 89% 8388  90 36%
c -  6.72 20 11 42 3135  1 259116 44980 1.3 12 9 7 9 89% 8388  90 36%
c -  7.08 20 10 43 3681  1 271841 46731 1.3 12 9 7 9 88% 8388  90 36%
c u  7.11 20 10 43 3681  1 271841 46715 1.3 12 9 7 9 88% 8388  90 36%
c 
c  seconds  reductions   conflicts         size  tier2     variables
c         MB     restarts       redundant     glue  trail      remaining
c          level       rate          size/glue tier1 irredundant
c 
c v  7.11 20 10 43 3681  1 271841 46714 1.3 12 9 7 9 88% 8388  90 36%
c w  7.11 20 10 43 3681  1 271841 46712 1.3 12 9 7 9 88% 8388  90 36%
c x  7.12 20 10 43 3681  1 271841 46711 1.3 12 9 7 9 88% 8361  90 36%
c s  7.19 22 10 43 3681  1 272774 47126 1.3 12 9 7 9 88% 8344  90 36%
c s  7.22 22 10 43 3681  1 272774 47126 1.3 12 9 7 9 88% 8326  90 36%
c W  7.36 22 10 43 3736  1 276050 48742 1.3 12 9 7 9 88% 8326  90 36%
c -  7.61 22 10 44 4044  1 284875 49080 1.3 12 9 7 9 88% 8326  90 36%
c u  7.64 18 10 44 4044  1 284875 49069 1.3 12 9 7 9 88% 8326  90 36%
c v  7.64 19 10 44 4044  1 284875 49065 1.3 12 9 7 9 88% 8326  90 36%
c w  7.64 19 10 44 4044  1 284875 49064 1.3 12 9 7 9 88% 8326  90 36%
c x  7.64 19 10 44 4044  1 284875 49064 1.3 12 9 7 9 88% 8301  90 36%
c }  7.89 19 10 44 4454  1 295137 53333 1.3 11 9 7 9 88% 8301  90 36%
c [  7.89 19 17 44 4454  1 295137 53333 1.4 18 14 9 12 88% 8301  90 36%
c -  7.98 16 17 45 4457  1 298219 51508 1.4 18 14 9 12 88% 8301  90 36%
c O  8.05 19 17 45 4458  1 300052 52857 1.4 18 14 9 12 88% 8301  90 36%
c -  8.42 21 18 46 4462  1 311872 52624 1.4 19 14 9 12 87% 8301  90 36%
c u  8.45 22 18 46 4462  1 311872 52620 1.4 19 14 9 12 87% 8301  90 36%
c v  8.45 22 18 46 4462  1 311872 52565 1.4 19 14 9 12 87% 8301  90 36%
c w  8.45 22 18 46 4462  1 311872 52565 1.4 19 14 9 12 87% 8301  90 36%
c x  8.47 22 18 46 4462  1 311872 52565 1.4 19 14 9 12 87% 8293  90 36%
c 
c  seconds  reductions   conflicts         size   tier2      variables
c         MB     restarts       redundant     glue    trail      remaining
c          level       rate          size/glue  tier1  irredundant
c 
c B  8.86 23 18 46 4463  1 325053 61429 1.4 20 14 9 12 86% 8293  90 36%
c -  8.92 23 18 47 4463  1 325834 52406 1.4 20 14 9 12 86% 8293  90 36%
c ]  9.27 19 18 47 4464  1 338211 59669 1.4 19 14 9 13 86% 8293  90 36%
c {  9.27 19 10 47 4464  1 338211 59669 1.3 11 9 7 9 88% 8293  90 36%
c -  9.36 17 10 48 4522  1 340106 53555 1.3 11 9 7 9 88% 8293  90 36%
c u  9.38 20 10 48 4522  1 340106 53530 1.3 11 9 7 9 88% 8293  90 36%
c v  9.39 20 10 48 4522  1 340106 53487 1.3 11 9 7 9 88% 8293  90 36%
c w  9.39 21 10 48 4522  1 340106 53487 1.3 11 9 7 9 88% 8293  90 36%
c x  9.41 21 10 48 4522  1 340106 53487 1.3 11 9 7 9 88% 8275  90 36%
c #  9.72 21 10 48 4820  1 351054 57875 1.3 11 9 7 9 87% 8275  90 36%
c -  9.84 17 10 49 4973  1 354689 55489 1.3 11 9 7 9 87% 8275  90 36%
c u  9.92 23 10 49 4973  1 354689 55479 1.3 11 9 7 9 87% 8275  90 36%
c v  9.92 23 10 49 4973  1 354689 55463 1.3 11 9 7 9 87% 8275  90 36%
c w  9.92 23 10 49 4973  1 354689 55462 1.3 11 9 7 9 87% 8275  90 36%
c x  9.92 23 10 49 4973  1 354689 55462 1.3 11 9 7 9 87% 8223  90 36%
c s 10.22 23 10 49 5358  1 364217 59609 1.3 11 9 7 9 87% 8223  90 36%
c s 10.25 16 10 49 5358  1 364217 59607 1.3 11 9 7 9 87% 8223  90 36%
c - 10.42 21 10 50 5629  1 369578 58355 1.3 11 9 7 9 87% 8223  90 36%
c B 10.64 21 10 50 5856  1 378055 61861 1.3 11 9 7 9 87% 8223  90 36%
c - 10.84 23 10 51 6076  1 384776 61740 1.3 11 9 7 9 87% 8223  90 36%
c 
c  seconds  reductions   conflicts         size  tier2     variables
c         MB     restarts       redundant     glue  trail      remaining
c          level       rate          size/glue tier1 irredundant
c 
c u 10.88 23 10 51 6076  1 384776 61717 1.3 11 9 7 9 87% 8223  90 36%
c v 10.89 23 10 51 6076  1 384776 61680 1.3 11 9 7 9 87% 8223  90 36%
c w 10.89 23 10 51 6076  1 384776 61675 1.3 11 9 7 9 87% 8223  90 36%
c } 11.02 23 10 51 6169  1 388966 63534 1.3 11 9 7 9 87% 8223  90 36%
c [ 11.02 23 18 51 6169  1 388966 63534 1.4 19 14 9 13 86% 8223  90 36%
c - 11.36 24 18 52 6169  1 400284 64467 1.4 19 14 9 13 86% 8223  90 36%
c W 11.73 21 17 52 6169  1 406058 67621 1.4 19 14 9 13 86% 8223  90 36%
c - 12.06 24 17 53 6169  1 416102 66720 1.4 19 14 9 13 86% 8223  90 36%
c u 12.09 24 17 53 6169  1 416102 66706 1.4 19 14 9 13 86% 8223  90 36%
c v 12.11 24 17 53 6169  1 416102 66699 1.4 19 14 9 13 86% 8223  90 36%
c w 12.11 24 17 53 6169  1 416102 66685 1.4 19 14 9 13 86% 8223  90 36%
c x 12.12 24 17 53 6169  1 416102 66685 1.4 19 14 9 13 86% 8170  90 36%
c - 12.75 25 17 54 6179  1 432229 67280 1.4 19 14 9 13 86% 8170  90 36%
c u 12.78 24 17 54 6179  1 432229 67262 1.4 19 14 9 13 86% 8170  90 36%
c v 12.78 25 17 54 6179  1 432229 67257 1.4 19 14 9 13 86% 8170  90 36%
c w 12.80 25 17 54 6179  1 432229 67255 1.4 19 14 9 13 86% 8170  90 36%
c x 12.80 25 17 54 6179  1 432229 67254 1.4 19 14 9 13 86% 8153  90 36%
c t 12.80 25 17 54 6179  1 432229 67242 1.4 19 14 9 13 86% 8153  90 36%
c ] 12.84 25 17 54 6179  1 433384 67878 1.4 19 14 9 13 85% 8153  90 36%
c { 12.84 25 10 54 6179  1 433384 67878 1.3 11 9 7 9 87% 8153  90 36%
c 
c  seconds  reductions   conflicts         size  tier2     variables
c         MB     restarts       redundant     glue  trail      remaining
c          level       rate          size/glue tier1 irredundant
c 
c W 12.94 25 10 54 6285  1 435060 68610 1.3 11 9 7 9 87% 8153  90 36%
c - 13.41 26 10 55 7021  1 448667 68704 1.3 11 9 7 9 87% 8153  90 36%
c u 13.42 25 10 55 7021  1 448667 68696 1.3 11 9 7 9 87% 8153  90 36%
c v 13.42 25 10 55 7021  1 448667 68694 1.3 11 9 7 9 87% 8153  90 36%
c w 13.42 25 10 55 7021  1 448667 68690 1.3 11 9 7 9 87% 8153  90 36%
c x 13.44 25 10 55 7021  1 448667 68690 1.3 11 9 7 9 87% 8139  90 36%
c t 13.44 25 10 55 7021  1 448667 68683 1.3 11 9 7 9 87% 8139  90 36%
c i 13.64 25 10 55 7163  1 455639 72024 1.3 11 9 7 9 87% 8139  89 35%
c F 13.98 25 10 55 7701  1 465061 76079 1.3 11 9 7 8 87% 8139  89 35%
c - 14.06 18 10 56 7723  1 465412 55925 1.3 11 9 7 8 87% 8131  89 35%
c u 14.09 20 10 56 7723  1 465412 55909 1.3 11 9 7 8 87% 8131  89 35%
c v 14.09 20 10 56 7723  1 465412 55903 1.3 11 9 7 8 87% 8131  89 35%
c w 14.11 21 10 56 7723  1 465412 55898 1.3 11 9 7 8 87% 8131  89 35%
c x 14.11 21 10 56 7723  1 465412 55898 1.3 11 9 7 8 87% 8095  89 35%
c s 14.28 22 10 56 7907  1 468435 35650 1.3 11 9 7 8 87% 8095  89 35%
c s 14.34 23 10 56 7907  1 468435 32906 1.3 11 9 7 8 87% 8095  89 35%
c - 14.66 23 10 57 8516  1 482467 36358 1.3 11 9 7 8 86% 8095  89 35%
c u 14.69 23 10 57 8516  1 482467 36348 1.3 11 9 7 8 86% 8095  89 35%
c v 14.69 23 10 57 8516  1 482467 36342 1.3 11 9 7 8 86% 8095  89 35%
c w 14.69 23 10 57 8516  1 482467 36336 1.3 11 9 7 8 86% 8095  89 35%
c 
c  seconds  reductions   conflicts         size  tier2     variables
c         MB     restarts       redundant     glue  trail      remaining
c          level       rate          size/glue tier1 irredundant
c 
c x 14.69 23 10 57 8516  1 482467 36336 1.3 11 9 7 8 86% 8090  89 35%
c } 15.03 23 10 57 8868  1 494739 41491 1.3 11 8 7 8 86% 8090  89 35%
c [ 15.03 23 17 57 8868  1 494739 41491 1.4 19 14 9 13 85% 8090  89 35%
c I 15.06 23 17 57 8869  1 496064 42287 1.4 19 14 9 13 85% 8090  89 35%
c - 15.20 23 17 58 8872  1 499833 40670 1.4 19 14 9 13 85% 8090  89 35%
c u 15.22 18 17 58 8872  1 499833 40657 1.4 19 14 9 13 85% 8090  89 35%
c v 15.23 18 17 58 8872  1 499833 40652 1.4 19 14 9 13 85% 8090  89 35%
c w 15.23 19 17 58 8872  1 499833 40650 1.4 19 14 9 13 85% 8090  89 35%
c x 15.23 19 17 58 8872  1 499833 40650 1.4 19 14 9 13 85% 8085  89 35%
c - 15.73 21 17 59 8878  1 517507 43991 1.4 19 13 9 13 86% 8085  89 35%
c v 15.81 24 17 59 8878  1 517507 43985 1.4 19 13 9 13 86% 8085  89 35%
c w 15.81 24 17 59 8878  1 517507 43976 1.4 19 13 9 13 86% 8085  89 35%
c x 15.81 24 17 59 8878  1 517507 43976 1.4 19 13 9 13 86% 8075  89 35%
c B 16.14 24 17 59 8883  1 528065 50228 1.4 19 14 9 13 86% 8075  89 35%
c - 16.39 24 17 60 8887  1 535493 46182 1.4 19 13 8 13 86% 8075  89 35%
c u 16.42 24 17 60 8887  1 535493 46180 1.4 19 13 8 13 86% 8075  89 35%
c v 16.42 24 17 60 8887  1 535493 46179 1.4 19 13 8 13 86% 8075  89 35%
c w 16.42 24 17 60 8887  1 535493 46178 1.4 19 13 8 13 86% 8075  89 35%
c x 16.44 24 17 60 8887  1 535493 46178 1.4 19 13 8 13 86% 8062  89 35%
c - 16.95 18 16 61 8889  1 553787 48173 1.4 18 13 8 13 86% 8062  89 35%
c 
c  seconds  reductions   conflicts         size   tier2      variables
c         MB     restarts       redundant     glue    trail      remaining
c          level       rate          size/glue  tier1  irredundant
c 
c u 16.97 21 16 61 8889  1 553787 48170 1.4 18 13 8 13 86% 8062  89 35%
c v 16.98 21 16 61 8889  1 553787 48166 1.4 18 13 8 13 86% 8062  89 35%
c w 16.98 21 16 61 8889  1 553787 48165 1.4 18 13 8 13 86% 8062  89 35%
c x 16.98 21 16 61 8889  1 553787 48165 1.4 18 13 8 13 86% 8053  89 35%
c ] 17.11 21 16 61 8889  1 557665 50618 1.4 18 13 8 13 86% 8053  89 35%
c { 17.11 21 10 61 8889  1 557665 50618 1.3 11 8 7 8 86% 8053  89 35%
c B 17.22 21 10 61 9032  1 561071 52024 1.3 11 8 7 8 86% 8053  89 35%
c - 17.58 23 10 62 9467  1 572394 51372 1.3 11 8 7 8 86% 8053  89 35%
c u 17.61 20 10 62 9467  1 572394 51360 1.3 11 8 7 8 86% 8053  89 35%
c v 17.62 21 10 62 9467  1 572394 51356 1.3 11 8 7 8 86% 8053  89 35%
c w 17.62 21 10 62 9467  1 572394 51350 1.3 11 8 7 8 86% 8053  89 35%
c x 17.62 21 10 62 9467  1 572394 51350 1.3 11 8 7 8 86% 8047  89 35%
c s 18.14 25 10 62 10314  1 585565 55379 1.3 11 8 7 8 86% 8047  89 35%
c s 18.22 25 10 62 10314  1 585565 54241 1.3 11 8 7 8 86% 8042  89 35%
c - 18.44 25 10 63 10541  1 591310 53054 1.3 11 8 7 8 86% 8042  89 35%
c u 18.47 26 10 63 10541  1 591310 53050 1.3 11 8 7 8 86% 8042  89 35%
c v 18.47 26 10 63 10541  1 591310 53048 1.3 11 8 7 8 86% 8042  89 35%
c w 18.47 26 10 63 10541  1 591310 53041 1.3 11 8 7 8 86% 8042  89 35%
c x 18.48 26 10 63 10541  1 591310 53041 1.3 11 8 7 8 86% 8027  89 35%
c W 18.86 26 10 63 10679  1 595072 54594 1.3 11 8 6 8 86% 8027  89 35%
c 
c  seconds  reductions    conflicts         size  tier2     variables
c         MB      restarts       redundant     glue  trail      remaining
c          level        rate          size/glue tier1 irredundant
c 
c - 19.33 25 10 64 11181  1 610534 48750 1.3 11 8 6 8 86% 8027  89 35%
c u 19.34 19 10 64 11181  1 610534 48732 1.3 11 8 6 8 86% 8027  89 35%
c v 19.36 20 10 64 11181  1 610534 48726 1.3 11 8 6 8 86% 8027  89 35%
c w 19.36 20 10 64 11181  1 610534 48719 1.3 11 8 6 8 86% 8027  89 35%
c x 19.36 20 10 64 11181  1 610534 48718 1.3 11 8 6 8 86% 8003  89 35%
c } 19.88 21 10 64 12105  1 628520 56337 1.3 11 8 6 8 86% 8003  89 35%
c [ 19.88 21 16 64 12105  1 628520 56337 1.4 18 13 8 13 86% 8003  89 35%
c - 19.94 22 16 65 12105  1 630068 49764 1.4 18 13 8 13 86% 8003  89 35%
c u 19.95 22 16 65 12105  1 630068 49744 1.4 18 13 8 13 86% 8003  89 35%
c v 19.97 22 16 65 12105  1 630068 49741 1.4 18 13 8 13 86% 8003  89 35%
c w 19.97 22 16 65 12105  1 630068 49740 1.4 18 13 8 13 86% 8003  89 35%
c x 19.97 22 16 65 12105  1 630068 49740 1.4 18 13 8 13 86% 7986  89 35%
c W 20.02 23 16 65 12105  1 630075 49746 1.4 18 13 8 13 86% 7986  89 35%
c - 20.72 17 17 66 12115  1 649912 50518 1.4 19 13 8 13 85% 7986  89 35%
c u 20.75 20 17 66 12115  1 649912 50508 1.4 19 13 8 13 85% 7986  89 35%
c v 20.75 20 17 66 12115  1 649912 50501 1.4 19 13 8 13 85% 7986  89 35%
c w 20.77 20 17 66 12115  1 649912 50500 1.4 19 13 8 13 85% 7986  89 35%
c x 20.77 20 17 66 12115  1 649912 50500 1.4 19 13 8 13 85% 7980  89 35%
c O 21.30 21 17 66 12120  1 666076 60162 1.4 19 13 8 13 85% 7980  89 35%
c - 21.48 23 16 67 12123  1 670068 51105 1.4 19 13 8 13 85% 7980  89 35%
c 
c  seconds  reductions    conflicts         size   tier2      variables
c         MB      restarts       redundant     glue    trail      remaining
c          level        rate          size/glue  tier1  irredundant
c 
c p 21.48 23 16 67 12123  1 670068 51112 1.4 19 13 8 13 85% 7980  89 35%
c u 21.52 23 16 67 12123  1 670068 51059 1.4 19 13 8 13 85% 7980  89 35%
c v 21.52 23 16 67 12123  1 670068 51045 1.4 19 13 8 13 85% 7980  89 35%
c w 21.53 23 16 67 12123  1 670068 50360 1.4 19 13 8 13 85% 7980  89 35%
c x 21.53 23 16 67 12123  1 670068 50357 1.4 19 13 8 13 85% 7296  89 35%
c t 21.53 23 16 67 12123  1 670068 50244 1.4 19 13 8 13 85% 7296  89 35%
c i 21.55 23 16 67 12123  1 670687 50481 1.4 19 13 8 13 85% 7296  83 33%
c - 22.28 20 16 68 12134  1 690537 28441 1.4 19 13 8 13 85% 2958  83 33%
c 2 22.28 20 16 68 12134  1 690537 28438 1.4 19 13 8 13 85% 2958  83 33%
c u 22.30 15 16 68 12134  1 690537 28355 1.4 19 13 8 13 85% 2949  83 33%
c v 22.31 16 16 68 12134  1 690537 28222 1.4 19 13 8 13 85% 2949  83 33%
c w 22.31 16 16 68 12134  1 690537 28108 1.4 19 13 8 13 85% 2949  83 33%
c x 22.31 16 16 68 12134  1 690537 28108 1.4 19 13 8 13 85% 2872  83 33%
c t 22.31 16 16 68 12134  1 690537 28101 1.4 19 13 8 13 85% 2872  83 33%
c B 22.59 17 17 68 12136  1 703077 35581 1.4 19 13 8 13 86% 2872  83 33%
c ] 22.59 17 17 68 12136  1 703346 35761 1.4 19 13 8 13 86% 2872  83 33%
c { 22.59 17 10 68 12136  1 703346 35761 1.3 11 8 6 8 86% 2872  83 33%
c - 22.84 19 10 69 12481  1 711314 32289 1.3 11 8 6 8 86% 2872  83 33%
c p 22.84 19 10 69 12481  1 711314 32289 1.3 11 8 6 8 86% 2872  83 33%
c u 22.86 19 10 69 12481  1 711314 32270 1.3 11 8 6 8 86% 2872  83 33%
c 
c  seconds  reductions    conflicts         size  tier2     variables
c         MB      restarts       redundant     glue  trail      remaining
c          level        rate          size/glue tier1 irredundant
c 
c v 22.86 19 10 69 12481  1 711314 32255 1.3 11 8 6 8 86% 2872  83 33%
c w 22.86 19 10 69 12481  1 711314 32129 1.3 11 8 6 8 86% 2872  83 33%
c x 22.88 19 10 69 12481  1 711314 32126 1.3 11 8 6 8 86% 2855  83 33%
c t 22.88 19 10 69 12481  1 711314 32124 1.3 11 8 6 8 86% 2855  83 33%
c s 23.03 19 10 69 12656  1 715518 33197 1.3 11 8 6 8 86% 2831  83 33%
c e 23.03 19 10 69 12656  1 715518 32281 1.3 11 8 6 8 86% 2830  82 32%
c s 23.05 19 10 69 12656  1 715518 32130 1.3 11 8 6 8 86% 2830  82 32%
c i 23.25 19  9 69 12814  1 725381 36216 1.3 11 8 6 8 86% 2830  81 32%
c i 23.33 20  9 69 12882  1 728294 37622 1.3 11 8 6 8 86% 2830  80 32%
c - 23.50 19  9 70 13038  1 732399 24244 1.3 11 8 6 8 86% 2815  80 32%
c 2 23.50 19  9 70 13038  1 732399 24241 1.3 11 8 6 8 86% 2815  80 32%
c p 23.50 19  9 70 13038  1 732399 24243 1.3 11 8 6 8 86% 2815  80 32%
c u 23.55 19  9 70 13038  1 732399 24202 1.3 11 8 6 8 86% 2809  80 32%
c v 23.55 19  9 70 13038  1 732399 24130 1.3 11 8 6 8 86% 2809  80 32%
c w 23.55 19  9 70 13038  1 732399 24114 1.3 11 8 6 8 86% 2809  80 32%
c x 23.55 19  9 70 13038  1 732399 24113 1.3 11 8 6 8 86% 2756  80 32%
c t 23.55 19  9 70 13038  1 732399 24108 1.3 11 8 6 8 86% 2756  80 32%
c # 23.73 19  9 70 13283  1 741082 28107 1.4 11 8 6 8 87% 2756  80 32%
c i 23.80 19  9 70 13383  1 744098 29385 1.4 11 8 6 8 87% 2756  79 31%
c i 23.88 19  9 70 13439  1 747473 30963 1.4 11 8 6 8 87% 2756  78 31%
c 
c  seconds  reductions    conflicts         size  tier2     variables
c         MB      restarts       redundant     glue  trail      remaining
c          level        rate          size/glue tier1 irredundant
c 
c i 23.97 19  9 70 13582  1 751567 32637 1.4 11 8 6 8 87% 2756  77 30%
c - 24.06 18  9 71 13642  1 753794 19742 1.4 11 8 6 8 87% 2736  77 30%
c 2 24.06 18  9 71 13642  1 753794 19736 1.4 11 8 6 8 87% 2736  77 30%
c p 24.06 18  9 71 13642  1 753794 19736 1.4 11 8 6 8 87% 2736  77 30%
c u 24.08 18  9 71 13642  1 753794 19639 1.4 11 8 6 8 87% 2733  77 30%
c v 24.08 19  9 71 13642  1 753794 19606 1.4 11 8 6 8 87% 2733  77 30%
c w 24.08 19  9 71 13642  1 753794 19446 1.4 11 8 6 8 87% 2733  77 30%
c x 24.09 19  9 71 13642  1 753794 19442 1.4 11 8 6 8 87% 2044  77 30%
c i 24.09 19  9 71 13654  1 754326 19674 1.4 11 8 6 8 87% 2044  76 30%
c i 24.11 19  9 71 13654  1 754766 19823 1.4 11 8 6 8 87% 2044  75 30%
c i 24.12 19  9 71 13690  1 755631 20253 1.4 11 8 6 8 87% 2044  74 29%
c i 24.12 19  9 71 13690  1 756079 20469 1.4 11 8 6 8 87% 2044  72 28%
c i 24.14 19  9 71 13713  1 756867 20865 1.4 11 8 6 8 87% 2044  71 28%
c i 24.14 19  9 71 13713  1 757060 20940 1.4 11 8 6 8 87% 2044  70 28%
c i 24.16 19  9 71 13713  1 757537 21196 1.4 11 8 6 8 87% 2044  64 25%
c i 24.17 19  9 71 13718  1 758016 21437 1.4 11 8 6 8 87% 2044  63 25%
c i 24.19 19  9 71 13736  1 758793 21794 1.4 11 8 6 8 87% 2044  53 21%
c i 24.19 19  9 71 13736  1 758945 21869 1.4 11 8 6 8 87% 2044  42 17%
c i 24.19 19  9 71 13736  1 758950 21872 1.4 11 8 6 8 87% 2044  41 16%
c i 24.19 19  9 71 13736  1 758957 21874 1.4 11 8 6 8 87% 2044  40 16%
c 
c  seconds  reductions    conflicts         size  tier2     variables
c         MB      restarts       redundant     glue  trail      remaining
c          level        rate          size/glue tier1 irredundant
c 
c i 24.19 19  9 71 13736  1 758973 21882 1.4 11 8 6 8 87% 2044  23  9%
c } 24.19 19  9 71 13736  1 758975 21882 1.4 11 8 6 8 87% 2044  11  4%
c 0 24.19 19  9 71 13736  1 758975 21882 1.4 11 8 6 8 87% 2044  11  4%
c 
c --- [ closing proof ] ------------------------------------------------------
c 
c DRAT proof file 'E:/OrderedRamseyZ3_upload/proofs/n19_N23_ascii.drat' closed
c DRAT 799889 added clauses 50.42%
c DRAT 786504 deleted clauses 49.58%
c DRAT 105326825 bytes (100.45 MB)
c 
c --- [ result ] -------------------------------------------------------------
c 
s UNSATISFIABLE
c 
c --- [ run-time profiling ] -------------------------------------------------
c 
c process time taken by individual solving procedures
c (percentage relative to process time for solving)
c 
c        21.92   90.75% search
c        10.91   45.15% unstable
c        10.23   42.37% stable
c         2.23    9.25% simplify
c         1.11    4.59% vivify
c         0.78    3.23% walk
c         0.58    2.39% subsume
c         0.27    1.10% sweep
c         0.09    0.39% probe
c         0.08    0.32% elim
c         0.06    0.26% ternary
c         0.03    0.13% parse
c   =================================
c        24.16   99.87% solve
c 
c last line shows process time for solving
c (percentage relative to total process time)
c 
c --- [ statistics ] ---------------------------------------------------------
c 
c chronological:             94668        12.47 %  of conflicts
c conflicts:                758975     31419.40    per second
c backbone:                  82576     32638.74 %  of vars
c decisions:                857038     35478.93    per second
c eliminated:                  163        64.43 %  of all variables
c fixed:                        78        30.83 %  of all variables
c learned:                  740787        97.60 %  per conflict
c learned_lits:           21093815       100.00 %  learned literals
c minimized:                     0         0.00 %  learned literals
c shrunken:                9275986        43.97 %  learned literals
c minishrunken:             897279         4.25 %  learned literals
c otfs:                       6840         0.90 %  of conflict
c propagations:           10439558         0.43 M  per second
c reduced:                  272605        35.92 %  per conflict
c rephased:                     38     19973.03    interval
c restarts:                  13736        55.25    interval
c stabilizing:                  11        46.51 %  of conflicts
c subsumed:                 383843        50.97 %  of all clauses
c strengthened:              21787         2.89 %  of all clauses
c ticks:                1291097603       127.58    propagation
c vivified:                   5637         0.75 %  of all clauses
c walked:                       11     68997.73    interval
c weakened:                   2241         7.49    average size
c 
c seconds are measured in process time for solving
c 
c --- [ glue usage ] ---------------------------------------------------------
c 
c focused glue 6 used 176525 clauses 15.20% accumulated 60.86% tier1
c focused glue 7 used 145999 clauses 12.57% accumulated 73.44%
c focused glue 8 used 110057 clauses 9.482% accumulated 82.92% tier2
c 
c stable glue 8 used 109755 clauses 8.573% accumulated 55.72% tier1
c stable glue 9 used 100404 clauses 7.843% accumulated 63.56%
c stable glue 10-11 used 157476 clauses 12.30% accumulated 75.86%
c stable glue 12 used 59618 clauses 4.657% accumulated 80.52%
c stable glue 13 used 49360 clauses 3.855% accumulated 84.38% tier2
c 
c 
c --- [ resources ] ----------------------------------------------------------
c 
c total process time since initialization:        24.19    seconds
c total real time since initialization:           24.26    seconds
c maximum resident set size of process:           32.09    MB
c 
c --- [ shutting down ] ------------------------------------------------------
c 
c exit 20
