c --- [ banner ] -------------------------------------------------------------
c 
c CaDiCaL SAT Solver
c Copyright (c) 2016-2026
c A. Biere, M. Fleury, N. Froleyks, K. Fazekas, F. Pollitt, T. Faller
c JKU Linz, University of Freiburg, TU Wien
c 
c Version 3.0.1
c g++.exe (Rev3, Built by MSYS2 project) 16.2.0 -Wall -Wextra -O3 -DNDEBUG -DNUNLOCKED -DNCLOSEFROM
c Sat Aug 29 18:00:44 CST 2026 MINGW64_NT-10.0-26200 LAPTOP-TRJ5SOMK 3.6.10-8fbd9808.x86_64 x86_64
c 
c --- [ proof tracing ] ------------------------------------------------------
c 
c opening file to write 'E:/OrderedRamseyZ3_upload/proofs/n20_N24_ascii.drat'
c writing non-binary proof trace to 'E:/OrderedRamseyZ3_upload/proofs/n20_N24_ascii.drat'
c 
c --- [ parsing input ] ------------------------------------------------------
c 
c reading DIMACS file from 'E:/OrderedRamseyZ3_upload/cnf/n20_N24.cnf'
c opening file to read 'E:/OrderedRamseyZ3_upload/cnf/n20_N24.cnf'
c found 'p cnf 276 12650' header
c parsed 12650 clauses in 0.02 seconds process time
c 
c --- [ options ] ------------------------------------------------------------
c 
c   --binary=false                 (different from default 'true')
c 
c --- [ solving ] ------------------------------------------------------------
c 
c time measured in process time since initialization
c 
c  seconds  reduction conflicts       size tier2      variables
c         MB    restarts   redundant    glue  trail       remaining
c          level     rate       size/glu tier1  irredundant
c 
c *  0.02  8  0 0   0  0    0    0 0.0 0 0 2 6  0% 12650 275 100%
c )  0.02 11  0 0   0  0    0    0 0.0 0 0 2 6  0% 12650 275 100%
c {  0.02 11  0 0   0  0    0    0 0.0 0 0 2 6  0% 12650 275 100%
c -  0.03  8 134 1   0  2  301   59 1.1 32 29 2 6 85% 12650 275 100%
c -  0.03  9 124 2   6  1  737   95 1.1 32 28 2 6 82% 12650 275 100%
c }  0.05  9 96 2   6  1 1002  244 1.1 29 25 2 6 73% 12650 275 100%
c [  0.05  9  0 2   6  0 1002  244 0.0 0 0 2 6  0% 12650 275 100%
c O  0.05 10 171 2   6 172 1003  245 1.0 35 34 2 6 67% 12650 275 100%
c -  0.05  9 126 3   6  1 1416  127 1.2 26 22 2 6 65% 12650 275 100%
c -  0.08  9 67 4   7  1 2357  157 1.2 22 19 2 6 52% 12650 275 100%
c ]  0.08  9 60 4   7  1 2578  329 1.2 22 18 2 6 52% 12650 275 100%
c {  0.08  9 96 4   7  1 2578  329 1.1 29 25 2 6 73% 12650 275 100%
c O  0.09  9 73 4   7  1 3004  614 1.2 26 22 2 6 67% 12650 275 100%
c -  0.11  9 59 5   7  1 3571  263 1.2 26 22 2 6 62% 12650 275 100%
c -  0.12  9 42 6   7  1 5065 1300 1.3 24 19 14 20 57% 12650 275 100%
c #  0.14  9 37 6   7  1 6005 1944 1.3 24 18 14 20 56% 12650 275 100%
c -  0.17  9 34 7   7  1 6844 2477 1.3 22 17 13 19 58% 12650 275 100%
c -  0.20  9 29 8  16  1 8913 3258 1.3 21 16 13 18 58% 12650 275 100%
c }  0.22 10 28 8  16  1 9363 3570 1.3 21 16 12 16 58% 12650 275 100%
c [  0.22 10 60 8  16  1 9363 3570 1.2 22 18 2 6 52% 12650 275 100%
c 
c  seconds  reduction conflicts       size   tier2      variables
c         MB    restarts   redundant     glue   trail       remaining
c          level     rate       size/glue  tier1  irredundant
c 
c v  0.23 10 57 8  16  1 9486 3657 1.2 22 18 2 6 52% 12650 275 100%
c w  0.23 11 57 8  16  1 9486 3656 1.2 22 18 2 6 52% 12650 275 100%
c I  0.23 11 49 8  16  1 10007 4002 1.2 22 18 2 6 55% 12650 275 100%
c s  0.27  9 37 8  17  1 11049 4386 1.3 19 15 2 6 60% 12650 275 100%
c e  0.28 10 37 8  17  1 11049 4386 1.3 19 15 2 6 60% 11010 104 38%
c s  0.28 10 37 8  17  1 11049 4364 1.3 19 15 2 6 60% 11008 104 38%
c -  0.30 10 36 9  17  1 11275 3707 1.3 19 15 2 6 88% 11008 104 38%
c -  0.34 10 27 10  19  1 13929 4693 1.3 18 14 10 15 87% 11008 104 38%
c B  0.36 10 26 10  20  1 15011 5358 1.3 18 14 10 15 86% 11008 104 38%
c ]  0.39 10 26 10  20  1 15777 5862 1.3 19 15 10 15 86% 11008 104 38%
c {  0.39 10 28 10  20  1 15777 5862 1.3 21 16 12 16 153% 11008 104 38%
c -  0.42 10 26 11  34  1 16880 5533 1.3 20 15 12 16 144% 11008 104 38%
c -  0.47 10 22 12  34  1 20129 6946 1.3 18 14 12 16 128% 11008 104 38%
c B  0.48 10 21 12  34  1 21013 7407 1.3 18 14 12 16 124% 11008 104 38%
c v  0.50 11 21 12  41  1 21089 7450 1.3 18 14 12 16 124% 11008 104 38%
c w  0.50 12 21 12  41  1 21089 7447 1.3 18 14 12 16 124% 11008 104 38%
c -  0.55 10 20 13  42  1 23675 7781 1.4 18 13 10 14 118% 11008 104 38%
c -  0.64 10 19 14  73  1 27524 9263 1.4 17 13 10 14 111% 11008 104 38%
c W  0.69 12 19 14  73  1 28018 9458 1.4 17 13 10 14 110% 11008 104 38%
c }  0.69 12 19 14  73  1 28324 9619 1.4 17 13 10 14 110% 11008 104 38%
c 
c  seconds  reductions  conflicts       size    tier2       variables
c         MB     restarts    redundant     glue     trail       remaining
c          level      rate        size/glue  tier1    irredundant
c 
c [  0.69 12 26 14  73  1 28324 9619 1.3 19 15 10 15 86% 11008 104 38%
c -  0.77 11 22 15  74  1 31671 10590 1.3 18 14 10 15 86% 11008 104 38%
c v  0.77 12 22 15  74  1 31671 10590 1.3 18 14 10 15 86% 11008 104 38%
c w  0.77 13 22 15  74  1 31671 10590 1.3 18 14 10 15 86% 11008 104 38%
c W  0.88 13 20 15  77  1 36022 13199 1.3 18 13 10 15 86% 11007 104 38%
c -  0.89 11 20 16  77  1 36120 12291 1.3 18 13 10 15 86% 11007 104 38%
c ]  0.92 12 20 16  78  1 37688 13255 1.3 18 13 10 15 85% 11007 104 38%
c {  0.92 12 19 16  78  1 37688 13255 1.4 17 13 10 14 110% 11007 104 38%
c s  0.92 10 19 16  86  1 37953 13443 1.4 17 13 10 13 109% 11002 104 38%
c s  0.94 11 19 16  86  1 37953 13443 1.4 17 13 10 13 109% 10956 104 38%
c -  1.00 11 18 17 109  1 40875 13825 1.4 17 12 10 13 105% 10956 104 38%
c F  1.06 12 17 17 136  1 45024 16138 1.4 16 12 10 13 101% 10956 104 38%
c -  1.09 12 17 18 176  1 45929 15616 1.4 16 12 10 13 100% 10956 104 38%
c u  1.09 13 17 18 176  1 45929 15615 1.4 16 12 10 13 100% 10956 104 38%
c v  1.11 14 17 18 176  1 45929 15608 1.4 16 12 10 13 100% 10956 104 38%
c w  1.11 14 17 18 176  1 45929 15606 1.4 16 12 10 13 100% 10956 104 38%
c -  1.20 12 16 19 200  1 51286 17583 1.4 16 12 10 13 97% 10956 104 38%
c B  1.28 13 16 19 240  1 55026 19718 1.4 16 11 10 13 95% 10956 104 38%
c -  1.33 13 15 20 246  1 56948 19888 1.4 15 11 10 13 95% 10956 104 38%
c }  1.38 13 15 20 265  1 60210 21578 1.4 15 11 10 13 94% 10956 104 38%
c 
c  seconds  reductions  conflicts        size    tier2       variables
c         MB     restarts     redundant     glue     trail       remaining
c          level      rate         size/glue  tier1    irredundant
c 
c [  1.38 13 20 20 265  1 60210 21578 1.3 18 13 10 15 85% 10956 104 38%
c -  1.44 13 19 21 267  1 62915 22361 1.3 18 13 10 15 85% 10956 104 38%
c v  1.45 15 19 21 267  1 62915 22352 1.3 18 13 10 15 85% 10956 104 38%
c w  1.45 15 19 21 267  1 62915 22351 1.3 18 13 10 15 85% 10956 104 38%
c O  1.53 15 19 21 268  1 66027 24290 1.3 18 13 10 15 85% 10956 104 38%
c -  1.62 13 21 22 269  1 69186 24051 1.3 20 15 10 15 84% 10956 104 38%
c -  1.80 13 23 23 269  1 75762 24730 1.3 22 17 11 15 84% 10956 104 38%
c u  1.81 15 23 23 269  1 75762 24730 1.3 22 17 11 15 84% 10956 104 38%
c v  1.81 15 23 23 269  1 75762 24727 1.3 22 17 11 15 84% 10956 104 38%
c w  1.81 15 23 23 269  1 75762 24727 1.3 22 17 11 15 84% 10956 104 38%
c x  1.81 15 23 23 269  1 75762 24727 1.3 22 17 11 15 84% 10950 104 38%
c ]  1.84 15 23 23 270  1 77422 25875 1.3 22 17 11 15 83% 10950 104 38%
c {  1.84 15 15 23 270  1 77422 25875 1.4 15 11 10 13 94% 10950 104 38%
c W  1.89 15 15 23 317  1 78029 26149 1.4 15 11 10 13 94% 10950 104 38%
c s  1.91 14 15 23 317  1 78267 26310 1.4 15 11 10 13 94% 10950 104 38%
c s  1.94 15 15 23 317  1 78267 26310 1.4 15 11 10 13 94% 10949 104 38%
c -  2.03 14 15 24 344  1 82643 26488 1.4 15 11 10 13 93% 10949 104 38%
c -  2.16 14 14 25 383  1 89829 29501 1.4 15 11 10 13 91% 10949 104 38%
c #  2.22 15 14 25 400  1 91030 30203 1.4 15 11 10 13 91% 10949 104 38%
c -  2.36 15 14 26 464  1 97324 32596 1.4 14 11 10 13 91% 10949 104 38%
c 
c  seconds  reductions  conflicts        size    tier2       variables
c         MB     restarts     redundant     glue     trail       remaining
c          level      rate         size/glue  tier1    irredundant
c 
c u  2.38 16 14 26 464  1 97324 32594 1.4 14 11 10 13 91% 10949 104 38%
c v  2.39 17 14 26 464  1 97324 32497 1.4 14 11 10 13 91% 10949 104 38%
c w  2.39 17 14 26 464  1 97324 32495 1.4 14 11 10 13 91% 10949 104 38%
c }  2.52 18 13 26 575  1 102829 35034 1.3 14 10 10 13 90% 10949 104 38%
c [  2.52 18 23 26 575  1 102829 35034 1.3 22 17 11 15 83% 10949 104 38%
c B  2.58 18 23 26 577  1 105032 36063 1.3 22 17 11 15 83% 10949 104 38%
c -  2.59 15 23 27 577  1 105125 35181 1.3 22 17 11 15 83% 10949 104 38%
c -  2.78 15 21 28 581  1 113234 38453 1.3 21 16 11 15 84% 10949 104 38%
c u  2.80 17 21 28 581  1 113234 38450 1.3 21 16 11 15 84% 10949 104 38%
c v  2.80 18 21 28 581  1 113234 38427 1.3 21 16 11 15 84% 10949 104 38%
c w  2.80 18 21 28 581  1 113234 38427 1.3 21 16 11 15 84% 10949 104 38%
c W  3.00 19 19 28 586  1 120034 41766 1.3 20 15 11 15 84% 10945 104 38%
c -  3.06 16 19 29 587  1 121646 41558 1.3 19 15 11 15 84% 10945 104 38%
c ]  3.14 17 19 29 588  1 125677 43888 1.3 19 15 11 15 84% 10945 104 38%
c {  3.14 17 13 29 588  1 125677 43888 1.3 14 10 10 13 90% 10945 104 38%
c -  3.28 16 13 30 655  1 130367 44512 1.3 14 10 10 13 89% 10945 104 38%
c v  3.31 19 13 30 655  1 130367 44492 1.3 14 10 10 13 89% 10945 104 38%
c w  3.31 19 13 30 655  1 130367 44492 1.3 14 10 10 13 89% 10945 104 38%
c s  3.36 17 13 30 657  1 132013 45376 1.3 14 10 10 13 89% 10943 104 38%
c s  3.39 19 13 30 657  1 132013 45376 1.3 14 10 10 13 89% 10943 104 38%
c 
c  seconds  reductions  conflicts         size    tier2       variables
c         MB     restarts      redundant     glue     trail       remaining
c          level      rate          size/glue  tier1    irredundant
c 
c B  3.48 20 13 30 702  1 136035 47663 1.3 14 10 10 13 89% 10943 104 38%
c -  3.59 15 13 31 788  1 139393 35888 1.3 14 10 8 10 89% 10943 104 38%
c -  3.81 15 13 32 897  1 148727 35780 1.3 13 10 8 10 88% 10943 104 38%
c u  3.84 19 13 32 897  1 148727 35779 1.3 13 10 8 10 88% 10943 104 38%
c v  3.86 19 13 32 897  1 148727 35708 1.3 13 10 8 10 88% 10943 104 38%
c w  3.86 20 13 32 897  1 148727 35708 1.3 13 10 8 10 88% 10943 104 38%
c W  4.00 20 12 32 946  1 153037 37809 1.3 13 10 8 10 88% 10943 104 38%
c -  4.11 15 12 33 1067  1 158368 37710 1.3 13 10 8 10 87% 10943 104 38%
c }  4.12 17 12 33 1074  1 158918 37973 1.3 13 10 8 10 87% 10943 104 38%
c [  4.12 17 19 33 1074  1 158918 37973 1.3 19 15 11 15 84% 10943 104 38%
c -  4.33 16 19 34 1075  1 168317 39766 1.3 19 14 11 15 84% 10943 104 38%
c u  4.34 18 19 34 1075  1 168317 39763 1.3 19 14 11 15 84% 10943 104 38%
c v  4.36 18 19 34 1075  1 168317 39734 1.3 19 14 11 15 84% 10943 104 38%
c w  4.36 18 19 34 1075  1 168317 39734 1.3 19 14 11 15 84% 10943 104 38%
c x  4.36 19 19 34 1075  1 168317 39734 1.3 19 14 11 15 84% 10936 104 38%
c I  4.44 19 19 34 1076  1 171038 41772 1.3 19 15 11 15 84% 10936 104 38%
c -  4.64 16 18 35 1076  1 178573 41733 1.3 19 14 11 15 84% 10936 104 38%
c -  4.91 17 19 36 1079  1 189138 42816 1.3 20 15 11 15 84% 10936 104 38%
c v  4.94 19 19 36 1079  1 189138 42778 1.3 20 15 11 15 84% 10936 104 38%
c w  4.94 19 19 36 1079  1 189138 42778 1.3 20 15 11 15 84% 10936 104 38%
c 
c  seconds  reductions   conflicts         size    tier2       variables
c         MB     restarts       redundant     glue     trail       remaining
c          level       rate          size/glue  tier1    irredundant
c 
c B  4.97 19 19 36 1080  1 190040 43336 1.3 20 15 11 15 84% 10936 104 38%
c ]  5.06 20 19 36 1082  1 193271 45378 1.3 20 15 11 15 83% 10936 104 38%
c {  5.06 20 12 36 1082  1 193271 45378 1.3 13 10 8 10 87% 10936 104 38%
c s  5.23 18 12 36 1198  1 199186 48346 1.3 13 10 8 10 87% 10936 104 38%
c ^  5.27 20 12 36 1198  1 199186 48346 1.3 13 10 8 10 87% 10936 104 38%
c -  5.31 21 12 37 1218  1 200010 44571 1.3 13 10 8 10 87% 10936 104 38%
c F  5.53 23 12 37 1463  1 210042 49155 1.3 13 10 8 10 87% 10936 104 38%
c -  5.58 23 12 38 1506  1 211190 47484 1.3 13 10 8 10 86% 10936 104 38%
c v  5.61 20 12 38 1506  1 211190 47457 1.3 13 10 8 10 86% 10936 104 38%
c w  5.61 20 12 38 1506  1 211190 47457 1.3 13 10 8 10 86% 10936 104 38%
c x  5.62 20 12 38 1506  1 211190 47457 1.3 13 10 8 10 86% 10927 104 38%
c -  5.94 18 12 39 1985  1 222679 50058 1.3 13 10 8 10 86% 10927 104 38%
c B  6.14 20 12 39 2211  1 231043 54172 1.3 13 10 8 10 85% 10927 104 38%
c }  6.22 21 12 39 2410  1 233497 55472 1.3 13 10 8 10 85% 10927 104 38%
c [  6.22 21 19 39 2410  1 233497 55472 1.3 20 15 11 15 83% 10927 104 38%
c -  6.27 22 19 40 2411  1 234479 53412 1.3 20 15 11 15 83% 10927 104 38%
c u  6.33 23 19 40 2411  1 234479 53406 1.3 20 15 11 15 83% 10927 104 38%
c v  6.34 23 19 40 2411  1 234479 53383 1.3 20 15 11 15 83% 10927 104 38%
c w  6.34 23 19 40 2411  1 234479 53382 1.3 20 15 11 15 83% 10927 104 38%
c x  6.34 23 19 40 2411  1 234479 53382 1.3 20 15 11 15 83% 10922 104 38%
c 
c  seconds  reductions   conflicts         size    tier2       variables
c         MB     restarts       redundant     glue     trail       remaining
c          level       rate          size/glue  tier1    irredundant
c 
c -  6.72 19 20 41 2418  1 246585 55238 1.3 20 15 11 15 83% 10922 104 38%
c W  7.03 21 19 41 2419  1 253045 58889 1.3 20 15 11 15 83% 10922 104 38%
c -  7.20 23 19 42 2419  1 258999 57010 1.3 20 15 11 15 83% 10922 104 38%
c u  7.23 23 19 42 2419  1 258999 57002 1.3 20 15 11 15 83% 10922 104 38%
c v  7.23 23 19 42 2419  1 258999 56990 1.3 20 15 11 15 83% 10922 104 38%
c w  7.23 23 19 42 2419  1 258999 56989 1.3 20 15 11 15 83% 10922 104 38%
c x  7.25 23 19 42 2419  1 258999 56989 1.3 20 15 11 15 83% 10918 104 38%
c ]  7.55 24 18 42 2426  1 271139 64016 1.3 20 15 10 14 83% 10918 104 38%
c {  7.55 24 12 42 2426  1 271139 64016 1.3 13 10 8 10 85% 10918 104 38%
c -  7.59 25 12 43 2443  1 271721 58411 1.3 13 10 8 10 85% 10918 104 38%
c W  7.75 25 12 43 2535  1 276047 60491 1.3 13 10 8 10 85% 10918 104 38%
c s  7.88 18 12 43 2657  1 279784 62096 1.3 13 10 8 10 85% 10832 104 38%
c s  7.91 21 12 43 2657  1 279784 62096 1.3 13 10 8 10 85% 10821 104 38%
c -  8.06 24 12 44 2755  1 284752 60492 1.3 13 10 8 10 85% 10821 104 38%
c v  8.11 22 12 44 2755  1 284752 60481 1.3 13 10 8 10 85% 10820 104 38%
c w  8.11 23 12 44 2755  1 284752 60480 1.3 13 10 8 10 85% 10820 104 38%
c x  8.11 23 12 44 2755  1 284752 60480 1.3 13 10 8 10 85% 10814 104 38%
c -  8.47 25 11 45 3028  1 298092 63816 1.3 12 9 8 10 85% 10814 104 38%
c #  8.52 25 11 45 3053  1 300049 64652 1.3 12 9 8 10 85% 10814 104 38%
c -  8.89 20 11 46 3545  1 311741 66910 1.3 12 9 8 10 85% 10814 104 38%
c 
c  seconds  reductions   conflicts         size  tier2       variables
c         MB     restarts       redundant     glue   trail       remaining
c          level       rate          size/glue tier1   irredundant
c 
c u  8.92 23 11 46 3545  1 311741 66905 1.3 12 9 8 10 85% 10814 104 38%
c v  8.94 24 11 46 3545  1 311741 66894 1.3 12 9 8 10 85% 10814 104 38%
c w  8.94 24 11 46 3545  1 311741 66893 1.3 12 9 8 10 85% 10814 104 38%
c x  8.95 24 11 46 3545  1 311741 66893 1.3 12 9 8 10 85% 10800 104 38%
c }  9.14 24 11 46 3610  1 317228 69230 1.3 12 9 8 10 85% 10800 104 38%
c [  9.14 24 18 46 3610  1 317228 69230 1.3 20 15 10 14 83% 10800 104 38%
c O  9.39 24 18 46 3616  1 325052 73512 1.3 19 14 10 14 83% 10800 104 38%
c -  9.44 26 18 47 3616  1 325701 69960 1.3 19 14 10 14 83% 10800 104 38%
c -  9.97 25 18 48 3619  1 339969 71745 1.3 19 14 9 13 81% 10800 104 38%
c u 10.02 27 18 48 3619  1 339969 71735 1.3 19 14 9 13 81% 10800 104 38%
c v 10.02 27 18 48 3619  1 339969 71727 1.3 19 14 9 13 81% 10800 104 38%
c w 10.03 27 18 48 3619  1 339969 71721 1.3 19 14 9 13 81% 10800 104 38%
c x 10.03 27 18 48 3619  1 339969 71720 1.3 19 14 9 13 81% 10729 104 38%
c B 10.38 27 18 48 3619  1 351054 78009 1.3 19 14 9 13 81% 10729 104 38%
c - 10.52 21 18 49 3619  1 354549 72621 1.3 19 14 9 13 81% 10729 104 38%
c ] 10.77 27 18 49 3620  1 360841 76527 1.3 19 14 9 13 81% 10729 104 38%
c { 10.77 27 11 49 3620  1 360841 76527 1.3 12 9 8 10 85% 10729 104 38%
c - 11.05 27 11 50 3841  1 369435 73909 1.3 12 9 8 10 85% 10729 104 38%
c u 11.08 27 11 50 3841  1 369435 73895 1.3 12 9 8 10 85% 10729 104 38%
c v 11.09 27 11 50 3841  1 369435 73881 1.3 12 9 8 10 85% 10729 104 38%
c 
c  seconds  reductions   conflicts         size  tier2       variables
c         MB     restarts       redundant     glue   trail       remaining
c          level       rate          size/glue tier1   irredundant
c 
c w 11.09 27 11 50 3841  1 369435 73845 1.3 12 9 8 10 85% 10729 104 38%
c x 11.11 27 11 50 3841  1 369435 73845 1.3 12 9 8 10 85% 10702 104 38%
c s 11.30 18 11 50 3931  1 373601 75603 1.3 12 9 8 10 85% 10077 104 38%
c s 11.34 22 11 50 3931  1 373601 75600 1.3 12 9 8 10 85% 9437 104 38%
c B 11.45 23 11 50 4032  1 378055 77465 1.3 12 9 8 10 85% 9437 104 38%
c - 11.66 25 11 51 4151  1 384630 76228 1.3 12 9 8 10 85% 9437 104 38%
c - 12.16 25 11 52 4758  1 400135 64378 1.3 12 9 7 9 84% 9437 104 38%
c u 12.19 25 11 52 4758  1 400135 64367 1.3 12 9 7 9 84% 9437 104 38%
c v 12.20 25 11 52 4758  1 400135 64155 1.3 12 9 7 9 84% 9437 104 38%
c w 12.20 25 11 52 4758  1 400135 64154 1.3 12 9 7 9 84% 9437 104 38%
c x 12.22 25 11 52 4758  1 400135 64154 1.3 12 9 7 9 84% 7337 104 38%
c W 12.55 25 11 52 5001  1 406056 67162 1.3 12 9 7 9 84% 7337 104 38%
c - 12.78 26 11 53 5288  1 415949 63976 1.3 12 9 7 9 85% 7337 104 38%
c } 12.91 26 11 53 5350  1 420085 65764 1.3 12 9 7 9 85% 7337 104 38%
c [ 12.91 26 18 53 5350  1 420085 65764 1.3 19 14 9 13 81% 7337 104 38%
c - 13.22 27 17 54 5350  1 432072 66316 1.4 19 14 9 13 81% 7337 104 38%
c u 13.25 27 17 54 5350  1 432072 66311 1.4 19 14 9 13 81% 7337 104 38%
c v 13.25 27 17 54 5350  1 432072 66300 1.4 19 14 9 13 81% 7337 104 38%
c w 13.25 27 17 54 5350  1 432072 66300 1.4 19 14 9 13 81% 7337 104 38%
c x 13.27 27 17 54 5350  1 432072 66300 1.4 19 14 9 13 81% 7078 104 38%
c 
c  seconds  reductions   conflicts         size   tier2      variables
c         MB     restarts       redundant     glue    trail      remaining
c          level       rate          size/glue  tier1  irredundant
c 
c W 13.39 27 18 54 5350  1 435057 68622 1.4 19 14 9 13 81% 7078 104 38%
c - 13.77 27 18 55 5351  1 448507 67050 1.4 19 14 9 13 81% 7078 104 38%
c I 14.23 22 17 55 5361  1 465060 77029 1.4 19 14 9 13 82% 7078 104 38%
c - 14.28 19 17 56 5361  1 465250 67797 1.4 19 14 9 13 82% 7078 104 38%
c u 14.31 23 17 56 5361  1 465250 67788 1.4 19 14 9 13 82% 7078 104 38%
c v 14.33 24 17 56 5361  1 465250 67781 1.4 19 14 9 13 82% 7078 104 38%
c w 14.33 24 17 56 5361  1 465250 67776 1.4 19 14 9 13 82% 7078 104 38%
c x 14.34 24 17 56 5361  1 465250 67776 1.4 19 14 9 13 82% 7024 104 38%
c s 14.69 18 17 56 5365  1 477660 74689 1.4 18 13 9 13 82% 6989 104 38%
c s 14.75 21 17 56 5365  1 477660 58066 1.4 18 13 9 13 82% 6970 104 38%
c - 14.92 21 17 57 5367  1 482303 54531 1.4 19 14 9 13 82% 6970 104 38%
c u 14.94 20 17 57 5367  1 482303 54518 1.4 19 14 9 13 82% 6970 104 38%
c v 14.95 21 17 57 5367  1 482303 54455 1.4 19 14 9 13 82% 6970 104 38%
c w 14.95 21 17 57 5367  1 482303 54416 1.4 19 14 9 13 82% 6970 104 38%
c x 14.95 21 17 57 5367  1 482303 54416 1.4 19 14 9 13 82% 6947 104 38%
c ] 14.98 21 17 57 5368  1 483360 55049 1.4 19 14 9 13 82% 6947 104 38%
c { 14.98 21 11 57 5368  1 483360 55049 1.3 12 9 7 9 85% 6947 104 38%
c F 15.28 22 11 57 5793  1 496064 60875 1.3 12 9 7 9 84% 6947 104 38%
c - 15.39 23 11 58 5907  1 499666 56835 1.3 12 9 7 9 84% 6947 104 38%
c - 15.80 24 10 59 6234  1 517337 60593 1.3 12 9 7 9 84% 6947 104 38%
c 
c  seconds  reductions   conflicts         size  tier2     variables
c         MB     restarts       redundant     glue  trail      remaining
c          level       rate          size/glue tier1 irredundant
c 
c u 15.84 25 10 59 6234  1 517337 60580 1.3 12 9 7 9 84% 6947 104 38%
c v 15.84 25 10 59 6234  1 517337 60537 1.3 12 9 7 9 84% 6947 104 38%
c w 15.86 25 10 59 6234  1 517337 60452 1.3 12 9 7 9 84% 6947 104 38%
c x 15.86 25 10 59 6234  1 517337 60452 1.3 12 9 7 9 84% 6918 104 38%
c B 16.14 25 11 59 6958  1 528065 65426 1.3 12 9 7 9 84% 6918 104 38%
c - 16.34 25 11 60 7403  1 535318 63389 1.3 12 9 7 9 84% 6918 104 38%
c v 16.39 25 11 60 7403  1 535318 63371 1.3 12 9 7 9 84% 6918 104 38%
c w 16.39 25 11 60 7403  1 535318 63305 1.3 12 9 7 9 84% 6918 104 38%
c x 16.39 25 11 60 7403  1 535318 63305 1.3 12 9 7 9 84% 6911 104 38%
c - 16.89 25 11 61 8433  1 553609 66583 1.3 12 9 7 9 84% 6911 104 38%
c W 17.30 25 11 61 8806  1 561066 69835 1.3 12 9 7 9 84% 6911 104 38%
c } 17.47 25 10 61 9055  1 568318 73344 1.3 12 9 7 9 84% 6911 104 38%
c [ 17.47 25 17 61 9055  1 568318 73344 1.4 19 14 9 13 82% 6911 104 38%
c - 17.58 26 17 62 9057  1 572212 70217 1.4 18 13 9 13 82% 6911 104 38%
c u 17.61 26 17 62 9057  1 572212 70213 1.4 18 13 9 13 82% 6911 104 38%
c v 17.62 26 17 62 9057  1 572212 70205 1.4 18 13 9 13 82% 6911 104 38%
c w 17.62 26 17 62 9057  1 572212 70199 1.4 18 13 9 13 82% 6911 104 38%
c x 17.64 26 17 62 9057  1 572212 70199 1.4 18 13 9 13 82% 6868 104 38%
c s 18.11 26 16 62 9065  1 586858 74065 1.4 18 13 9 13 82% 6868 104 38%
c s 18.17 26 16 62 9065  1 586858 71669 1.4 18 13 9 13 82% 6868 104 38%
c 
c  seconds  reductions   conflicts         size   tier2      variables
c         MB     restarts       redundant     glue    trail      remaining
c          level       rate          size/glue  tier1  irredundant
c 
c ^ 18.17 26 16 62 9065  1 586858 71669 1.4 18 13 9 13 82% 6868 104 38%
c - 18.34 26 16 63 9067  1 591123 66395 1.4 18 13 9 13 82% 6868 104 38%
c u 18.36 25 16 63 9067  1 591123 66383 1.4 18 13 9 13 82% 6868 104 38%
c v 18.38 25 16 63 9067  1 591123 66379 1.4 18 13 9 13 82% 6868 104 38%
c w 18.38 25 16 63 9067  1 591123 66379 1.4 18 13 9 13 82% 6868 104 38%
c x 18.38 25 16 63 9067  1 591123 66379 1.4 18 13 9 13 82% 6865 104 38%
c B 18.48 25 16 63 9067  1 595068 68634 1.4 18 13 9 13 83% 6865 104 38%
c - 18.91 26 16 64 9068  1 610344 66945 1.4 18 13 9 13 82% 6865 104 38%
c u 18.94 26 16 64 9068  1 610344 66937 1.4 18 13 9 13 82% 6865 104 38%
c v 18.94 26 16 64 9068  1 610344 66930 1.4 18 13 9 13 82% 6865 104 38%
c w 18.94 26 16 64 9068  1 610344 66927 1.4 18 13 9 13 82% 6865 104 38%
c x 18.95 26 16 64 9068  1 610344 66927 1.4 18 13 9 13 82% 6819 104 38%
c - 19.56 26 17 65 9077  1 629875 68063 1.4 19 14 9 13 82% 6819 104 38%
c u 19.59 26 17 65 9077  1 629875 68032 1.4 19 14 9 13 82% 6819 104 38%
c v 19.59 26 17 65 9077  1 629875 68030 1.4 19 14 9 13 82% 6819 104 38%
c w 19.59 26 17 65 9077  1 629875 68026 1.4 19 14 9 13 82% 6819 104 38%
c x 19.61 26 17 65 9077  1 629875 68026 1.4 19 14 9 13 82% 6793 104 38%
c W 19.70 26 17 65 9077  1 630071 68157 1.4 19 14 9 13 82% 6793 104 38%
c ] 20.03 26 17 65 9083  1 641273 75464 1.4 19 14 9 13 83% 6793 104 38%
c { 20.03 26 10 65 9083  1 641273 75464 1.3 12 9 7 9 84% 6793 104 38%
c 
c  seconds  reductions   conflicts         size  tier2     variables
c         MB     restarts       redundant     glue  trail      remaining
c          level       rate          size/glue tier1 irredundant
c 
c - 20.33 20 10 66 9345  1 649716 70555 1.3 12 9 7 9 84% 6793 104 38%
c u 20.36 24 10 66 9345  1 649716 70551 1.3 12 9 7 9 84% 6793 104 38%
c v 20.36 24 10 66 9345  1 649716 70548 1.3 12 9 7 9 84% 6793 104 38%
c w 20.36 24 10 66 9345  1 649716 70547 1.3 12 9 7 9 84% 6793 104 38%
c x 20.38 24 10 66 9345  1 649716 70547 1.3 12 9 7 9 84% 6756 104 38%
c # 20.86 25 10 66 10011  1 666073 77674 1.3 11 9 7 8 84% 6756 104 38%
c - 21.00 26 10 67 10113  1 669869 73012 1.3 11 9 7 8 84% 6756 104 38%
c u 21.03 22 10 67 10113  1 669869 73006 1.3 11 9 7 8 84% 6756 104 38%
c v 21.05 23 10 67 10113  1 669869 73000 1.3 11 9 7 8 84% 6756 104 38%
c w 21.05 23 10 67 10113  1 669869 73000 1.3 11 9 7 8 84% 6756 104 38%
c x 21.05 23 10 67 10113  1 669869 73000 1.3 11 9 7 8 84% 6736 104 38%
c - 21.66 27 10 68 11045  1 690330 76880 1.3 11 9 7 8 84% 6736 104 38%
c u 21.69 27 10 68 11045  1 690330 76867 1.3 11 9 7 8 84% 6736 104 38%
c v 21.69 27 10 68 11045  1 690330 76865 1.3 11 9 7 8 84% 6736 104 38%
c w 21.69 27 10 68 11045  1 690330 76864 1.3 11 9 7 8 84% 6736 104 38%
c x 21.70 27 10 68 11045  1 690330 76864 1.3 11 9 7 8 84% 6716 104 38%
c B 22.08 27 10 68 11533  1 703074 82473 1.3 11 9 7 8 84% 6716 104 38%
c s 22.30 27 10 68 11775  1 707765 82659 1.3 11 9 7 8 83% 6716 104 38%
c s 22.39 27 10 68 11775  1 707765 81621 1.3 11 9 7 8 83% 6712 104 38%
c - 22.53 27 10 69 12057  1 711102 78364 1.3 11 9 7 8 83% 6712 104 38%
c 
c  seconds  reductions    conflicts         size  tier2     variables
c         MB      restarts       redundant     glue  trail      remaining
c          level        rate          size/glue tier1 irredundant
c 
c u 22.56 28 10 69 12057  1 711102 78345 1.3 11 9 7 8 83% 6712 104 38%
c v 22.56 28 10 69 12057  1 711102 78337 1.3 11 9 7 8 83% 6712 104 38%
c w 22.56 28 10 69 12057  1 711102 78335 1.3 11 9 7 8 83% 6712 104 38%
c x 22.58 28 10 69 12057  1 711102 78335 1.3 11 9 7 8 83% 6703 104 38%
c } 22.92 28 10 69 12739  1 724352 84370 1.3 11 9 7 8 83% 6703 104 38%
c [ 22.92 28 17 69 12739  1 724352 84370 1.4 19 14 9 13 83% 6703 104 38%
c - 23.12 28 17 70 12739  1 732185 82641 1.4 19 14 9 13 83% 6703 104 38%
c O 23.42 27 17 70 12746  1 741076 87860 1.4 19 13 9 13 83% 6703 104 38%
c - 23.97 28 17 71 12753  1 753576 84959 1.4 19 14 9 13 82% 6703 104 38%
c u 24.03 27 17 71 12753  1 753576 84936 1.4 19 14 9 13 82% 6703 104 38%
c v 24.03 27 17 71 12753  1 753576 84920 1.4 19 14 9 13 82% 6703 104 38%
c w 24.05 27 17 71 12753  1 753576 84915 1.4 19 14 9 13 82% 6703 104 38%
c x 24.06 27 17 71 12753  1 753576 84913 1.4 19 14 9 13 82% 6643 104 38%
c - 24.92 30 17 72 12755  1 775278 86704 1.4 19 14 9 13 81% 6643 104 38%
c u 24.97 30 17 72 12755  1 775278 86681 1.4 19 14 9 13 81% 6643 104 38%
c v 24.97 30 17 72 12755  1 775278 86678 1.4 19 14 9 13 81% 6643 104 38%
c w 24.98 30 17 72 12755  1 775278 86677 1.4 19 14 9 13 81% 6643 104 38%
c x 24.98 30 17 72 12755  1 775278 86677 1.4 19 14 9 13 81% 6581 104 38%
c B 25.19 30 17 72 12755  1 780077 89598 1.4 19 14 9 13 81% 6581 104 38%
c - 25.77 31 17 73 12756  1 797290 88223 1.4 20 14 8 13 82% 6581 104 38%
c 
c  seconds  reductions    conflicts         size   tier2      variables
c         MB      restarts       redundant     glue    trail      remaining
c          level        rate          size/glue  tier1  irredundant
c 
c u 25.80 31 17 73 12756  1 797290 88213 1.4 20 14 8 13 82% 6581 104 38%
c v 25.81 31 17 73 12756  1 797290 88213 1.4 20 14 8 13 82% 6581 104 38%
c w 25.81 31 17 73 12756  1 797290 88213 1.4 20 14 8 13 82% 6581 104 38%
c x 25.83 31 17 73 12756  1 797290 88213 1.4 20 14 8 13 82% 6552 104 38%
c ] 25.86 31 17 73 12756  1 798182 88904 1.4 20 14 8 13 82% 6552 104 38%
c { 25.86 31 10 73 12756  1 798182 88904 1.3 11 9 7 8 83% 6552 104 38%
c - 26.52 31 10 74 13656  1 819612 91821 1.3 11 9 7 8 83% 6552 104 38%
c u 26.55 31 10 74 13656  1 819612 91800 1.3 11 9 7 8 83% 6552 104 38%
c v 26.55 31 10 74 13656  1 819612 91798 1.3 11 9 7 8 83% 6552 104 38%
c w 26.56 31 10 74 13656  1 819612 91798 1.3 11 9 7 8 83% 6552 104 38%
c x 26.56 31 10 74 13656  1 819612 91798 1.3 11 9 7 8 83% 6387 104 38%
c W 26.88 31 10 74 13656  1 820078 92013 1.3 11 9 7 8 83% 6387 104 38%
c s 27.50 31 10 74 14529  1 840031 99915 1.3 11 9 7 8 84% 6370 104 38%
c s 27.58 31 10 74 14529  1 840031 99581 1.3 11 9 7 8 84% 6263 104 38%
c - 27.69 31 10 75 14671  1 842246 95484 1.3 11 9 7 8 83% 6263 104 38%
c F 28.20 30 10 75 15317  1 861080 103418 1.3 11 9 6 8 84% 6263 104 38%
c - 28.39 28 10 76 15528  1 865189 79987 1.3 11 9 6 8 84% 6263 104 38%
c u 28.44 29 10 76 15528  1 865189 79960 1.3 11 9 6 8 84% 6263 104 38%
c v 28.45 29 10 76 15528  1 865189 79946 1.3 11 9 6 8 84% 6263 104 38%
c w 28.47 29 10 76 15528  1 865189 79926 1.3 11 9 6 8 84% 6263 104 38%
c 
c  seconds  reductions    conflicts         size  tier2     variables
c         MB      restarts       redundant     glue  trail      remaining
c          level        rate          size/glue tier1 irredundant
c 
c x 28.47 29 10 76 15528  1 865189 79926 1.3 11 9 6 8 84% 6150 104 38%
c - 29.09 28 10 77 17031  1 888442 78593 1.3 11 9 6 8 84% 6150 104 38%
c u 29.12 29 10 77 17031  1 888442 78581 1.3 11 9 6 8 84% 6150 104 38%
c v 29.12 29 10 77 17031  1 888442 78580 1.3 11 9 6 8 84% 6150 104 38%
c w 29.14 29 10 77 17031  1 888442 78579 1.3 11 9 6 8 84% 6150 104 38%
c x 29.14 29 10 77 17031  1 888442 78579 1.3 11 9 6 8 84% 6141 104 38%
c B 29.50 29 10 77 17859  1 903081 85263 1.3 11 9 6 8 84% 6141 104 38%
c } 29.52 29 10 77 17888  1 903710 85492 1.3 11 9 6 8 84% 6141 104 38%
c [ 29.52 29 17 77 17888  1 903710 85492 1.4 20 14 8 13 82% 6141 104 38%
c - 29.78 29 17 78 17888  1 912007 80867 1.4 19 14 8 13 82% 6141 104 38%
c u 29.81 29 17 78 17888  1 912007 80850 1.4 19 14 8 13 82% 6141 104 38%
c v 29.81 29 17 78 17888  1 912007 80844 1.4 19 14 8 13 82% 6141 104 38%
c w 29.81 29 17 78 17888  1 912007 80795 1.4 19 14 8 13 82% 6141 104 38%
c x 29.83 29 17 78 17888  1 912007 80795 1.4 19 14 8 13 82% 6126 104 38%
c - 30.55 29 17 79 17889  1 935883 82341 1.4 19 14 8 13 82% 6126 104 38%
c u 30.58 24 17 79 17889  1 935883 82309 1.4 19 14 8 13 82% 6126 104 38%
c v 30.59 25 17 79 17889  1 935883 82303 1.4 19 14 8 13 82% 6126 104 38%
c w 30.59 25 17 79 17889  1 935883 82220 1.4 19 14 8 13 82% 6126 104 38%
c x 30.61 25 17 79 17889  1 935883 82220 1.4 19 14 8 13 82% 6113 104 38%
c W 31.06 25 17 79 17889  1 946082 87961 1.4 19 14 8 13 83% 6113 104 38%
c 
c  seconds  reductions    conflicts         size   tier2      variables
c         MB      restarts       redundant     glue    trail      remaining
c          level        rate          size/glue  tier1  irredundant
c 
c - 31.52 28 17 80 17889  1 960069 82298 1.4 19 14 8 13 83% 6113 104 38%
c u 31.55 28 17 80 17889  1 960069 82255 1.4 19 14 8 13 83% 6113 104 38%
c v 31.56 28 17 80 17889  1 960069 82253 1.4 19 14 8 13 83% 6113 104 38%
c w 31.56 28 17 80 17889  1 960069 82173 1.4 19 14 8 13 83% 6113 104 38%
c x 31.58 28 17 80 17889  1 960069 82172 1.4 19 14 8 13 83% 6099 104 38%
c s 32.31 29 17 80 17889  1 981924 95172 1.4 19 14 8 13 82% 6066 104 38%
c s 32.33 29 17 80 17889  1 981924 95141 1.4 19 14 8 13 82% 6066 104 38%
c ^ 32.34 29 17 80 17889  1 981924 95141 1.4 19 14 8 13 82% 6066 104 38%
c - 32.48 29 17 81 17889  1 984565 83255 1.4 19 14 8 13 82% 6066 104 38%
c u 32.52 27 17 81 17889  1 984565 83231 1.4 19 14 8 13 82% 6066 104 38%
c v 32.53 27 17 81 17889  1 984565 83227 1.4 19 14 8 13 82% 6066 104 38%
c w 32.53 27 17 81 17889  1 984565 83202 1.4 19 14 8 13 82% 6066 104 38%
c x 32.55 27 17 81 17889  1 984565 83202 1.4 19 14 8 13 82% 6040 104 38%
c I 32.72 27 17 81 17892  1 990083 86655 1.4 20 14 8 12 82% 6040 104 38%
c ] 33.11 27 17 81 17899  1 1002867 94383 1.4 20 14 8 12 83% 6040 104 38%
c { 33.11 27 10 81 17899  1 1002867 94383 1.3 11 9 6 8 84% 6040 104 38%
c - 33.39 29 10 82 18302  1 1009372 84486 1.3 11 9 6 8 84% 6040 104 38%
c u 33.50 27 10 82 18302  1 1009372 84449 1.3 11 9 6 8 84% 6040 104 38%
c v 33.52 27 10 82 18302  1 1009372 84446 1.3 11 9 6 8 84% 6040 104 38%
c w 33.52 27 10 82 18302  1 1009372 84362 1.3 11 9 6 8 84% 6040 104 38%
c 
c  seconds  reductions     conflicts         size  tier2     variables
c         MB      restarts        redundant     glue  trail      remaining
c          level        rate           size/glue tier1 irredundant
c 
c x 33.53 27 10 82 18302  1 1009372 84362 1.3 11 9 6 8 84% 6015 104 38%
c - 34.28 30 10 83 19515  1 1034488 88364 1.3 11 9 6 8 84% 6015 104 38%
c u 34.31 30 10 83 19515  1 1034488 88349 1.3 11 9 6 8 84% 6015 104 38%
c v 34.33 30 10 83 19515  1 1034488 88334 1.3 11 9 6 8 84% 6015 104 38%
c w 34.33 30 10 83 19515  1 1034488 88333 1.3 11 9 6 8 84% 6015 104 38%
c x 34.33 30 10 83 19515  1 1034488 88333 1.3 11 9 6 8 84% 6003 104 38%
c W 34.50 30 10 83 19599  1 1035084 88616 1.3 11 9 6 8 84% 6003 104 38%
c - 35.28 31 10 84 21204  1 1059915 92341 1.3 11 9 6 8 84% 6003 104 38%
c u 35.33 31 10 84 21204  1 1059915 92319 1.3 11 9 6 8 84% 6003 104 38%
c v 35.33 31 10 84 21204  1 1059915 92312 1.3 11 9 6 8 84% 6003 104 38%
c w 35.34 31 10 84 21204  1 1059915 92307 1.3 11 9 6 8 84% 6003 104 38%
c x 35.34 31 10 84 21204  1 1059915 92307 1.3 11 9 6 8 84% 5911 104 38%
c # 36.05 31 10 84 22086  1 1081085 101714 1.3 11 9 6 8 83% 5911 104 38%
c - 36.20 23 10 85 22279  1 1085653 96361 1.3 11 9 6 8 83% 5911 104 38%
c u 36.23 26 10 85 22279  1 1085653 96348 1.3 11 9 6 8 83% 5911 104 38%
c v 36.25 27 10 85 22279  1 1085653 96343 1.3 11 9 6 8 83% 5911 104 38%
c w 36.25 27 10 85 22279  1 1085653 96342 1.3 11 9 6 8 83% 5911 104 38%
c x 36.27 27 10 85 22279  1 1085653 96342 1.3 11 9 6 8 83% 5891 104 38%
c - 37.06 31 10 86 23386  1 1111701 100458 1.3 11 9 6 8 83% 5891 104 38%
c u 37.11 32 10 86 23386  1 1111701 100445 1.3 11 9 6 8 83% 5891 104 38%
c 
c  seconds  reductions     conflicts          size  tier2     variables
c         MB      restarts        redundant      glue  trail      remaining
c          level        rate            size/glue tier1 irredundant
c 
c v 37.11 32 10 86 23386  1 1111701 100425 1.3 11 9 6 8 83% 5891 104 38%
c w 37.12 32 10 86 23386  1 1111701 100424 1.3 11 9 6 8 83% 5891 104 38%
c x 37.12 32 10 86 23386  1 1111701 100424 1.3 11 9 6 8 83% 5837 104 38%
c } 37.20 32 10 86 23498  1 1113910 101494 1.3 11 9 6 8 83% 5837 104 38%
c [ 37.20 32 17 86 23498  1 1113910 101494 1.4 20 14 8 12 83% 5837 104 38%
c B 37.64 32 17 86 23503  1 1128089 110021 1.4 19 14 8 12 83% 5837 104 38%
c s 38.06 32 17 86 23506  1 1134444 70144 1.4 19 14 8 12 83% 5837 104 38%
c s 38.19 32 17 86 23506  1 1134444 65247 1.4 19 14 8 12 83% 5837 104 38%
c ^ 38.19 32 17 86 23506  1 1134444 65247 1.4 19 14 8 12 83% 5837 104 38%
c - 38.36 28 17 87 23509  1 1138060 57094 1.4 19 14 8 12 83% 5837 104 38%
c u 38.39 29 17 87 23509  1 1138060 57079 1.4 19 14 8 12 83% 5837 104 38%
c v 38.41 29 17 87 23509  1 1138060 57071 1.4 19 14 8 12 83% 5837 104 38%
c w 38.41 29 17 87 23509  1 1138060 57070 1.4 19 14 8 12 83% 5837 104 38%
c x 38.42 29 17 87 23509  1 1138060 57070 1.4 19 14 8 12 83% 5812 104 38%
c - 39.28 29 16 88 23518  1 1164730 61260 1.4 19 13 8 12 83% 5812 104 38%
c u 39.31 29 16 88 23518  1 1164730 61254 1.4 19 13 8 12 83% 5812 104 38%
c v 39.31 29 16 88 23518  1 1164730 61243 1.4 19 13 8 12 83% 5812 104 38%
c w 39.31 29 16 88 23518  1 1164730 61241 1.4 19 13 8 12 83% 5812 104 38%
c x 39.33 29 16 88 23518  1 1164730 61241 1.4 19 13 8 12 83% 5770 104 38%
c i 39.39 29 16 88 23519  1 1166157 61895 1.4 19 13 8 12 83% 5770 103 37%
c 
c  seconds  reductions     conflicts         size   tier2      variables
c         MB      restarts        redundant     glue    trail      remaining
c          level        rate           size/glue  tier1  irredundant
c 
c W 39.94 28 16 88 23519  1 1176090 59490 1.5 19 13 8 12 83% 5764 103 37%
c - 40.52 28 17 89 23526  1 1191710 54765 1.4 20 14 8 12 83% 5764 103 37%
c u 40.53 27 17 89 23526  1 1191710 54751 1.4 20 14 8 12 83% 5762 103 37%
c v 40.55 27 17 89 23526  1 1191710 54743 1.4 20 14 8 12 83% 5762 103 37%
c w 40.55 27 17 89 23526  1 1191710 54742 1.4 20 14 8 12 83% 5762 103 37%
c x 40.56 27 17 89 23526  1 1191710 54741 1.4 20 14 8 12 83% 5677 103 37%
c - 41.44 27 16 90 23538  1 1219003 57641 1.4 19 13 8 12 83% 5677 103 37%
c u 41.47 27 16 90 23538  1 1219003 57619 1.4 19 13 8 12 83% 5677 103 37%
c v 41.48 27 16 90 23538  1 1219003 57614 1.4 19 13 8 12 83% 5677 103 37%
c w 41.48 27 16 90 23538  1 1219003 57614 1.4 19 13 8 12 83% 5677 103 37%
c x 41.50 27 16 90 23538  1 1219003 57614 1.4 19 13 8 12 83% 5517 103 37%
c ] 41.59 27 16 90 23540  1 1222266 59543 1.4 19 13 8 12 83% 5517 103 37%
c { 41.59 27 10 90 23540  1 1222266 59543 1.3 11 9 6 8 83% 5517 103 37%
c B 41.69 27 10 90 23756  1 1225091 60738 1.3 11 9 6 8 83% 5517 103 37%
c - 42.41 27 10 91 24663  1 1246605 62686 1.3 11 8 6 8 83% 5517 103 37%
c u 42.44 27 10 91 24663  1 1246605 62639 1.3 11 8 6 8 83% 5506 103 37%
c v 42.44 27 10 91 24663  1 1246605 62622 1.3 11 8 6 8 83% 5506 103 37%
c w 42.45 27 10 91 24663  1 1246605 62621 1.3 11 8 6 8 83% 5506 103 37%
c x 42.45 27 10 91 24663  1 1246605 62621 1.3 11 8 6 8 83% 5440 103 37%
c - 43.27 28 10 92 25900  1 1274517 67774 1.3 11 8 6 8 83% 5440 103 37%
c 
c  seconds  reductions     conflicts         size  tier2     variables
c         MB      restarts        redundant     glue  trail      remaining
c          level        rate           size/glue tier1 irredundant
c 
c u 43.30 28 10 92 25900  1 1274517 67756 1.3 11 8 6 8 83% 5439 103 37%
c v 43.30 28 10 92 25900  1 1274517 67736 1.3 11 8 6 8 83% 5439 103 37%
c w 43.31 28 10 92 25900  1 1274517 67319 1.3 11 8 6 8 83% 5439 103 37%
c x 43.31 28 10 92 25900  1 1274517 67319 1.3 11 8 6 8 83% 5408 103 37%
c W 43.48 28 10 92 25945  1 1275093 67559 1.3 11 8 6 8 83% 5408 103 37%
c s 44.31 28 10 92 26902  1 1297142 73767 1.3 11 8 6 8 83% 5407 103 37%
c s 44.45 28 10 92 26902  1 1297142 71971 1.3 11 8 6 8 83% 5382 103 37%
c - 44.66 27 10 93 27149  1 1302740 68547 1.3 11 8 6 8 83% 5382 103 37%
c u 44.69 27 10 93 27149  1 1302740 68505 1.3 11 8 6 8 83% 5381 103 37%
c v 44.70 27 10 93 27149  1 1302740 68502 1.3 11 8 6 8 83% 5381 103 37%
c w 44.70 27 10 93 27149  1 1302740 68498 1.3 11 8 6 8 83% 5381 103 37%
c x 44.72 27 10 93 27149  1 1302740 68498 1.3 11 8 6 8 83% 5301 103 37%
c F 45.48 27 10 93 28506  1 1326097 78205 1.3 11 8 6 8 83% 5301 103 37%
c - 45.69 28 10 94 28789  1 1331275 73555 1.3 11 8 6 8 83% 5301 103 37%
c p 45.69 28 10 94 28789  1 1331275 73555 1.3 11 8 6 8 83% 5301 103 37%
c u 45.72 28 10 94 28789  1 1331275 73512 1.3 11 8 6 8 83% 5301 103 37%
c v 45.73 28 10 94 28789  1 1331275 73502 1.3 11 8 6 8 83% 5301 103 37%
c w 45.73 28 10 94 28789  1 1331275 73499 1.3 11 8 6 8 83% 5301 103 37%
c x 45.75 28 10 94 28789  1 1331275 73499 1.3 11 8 6 8 83% 5265 103 37%
c t 45.75 28 10 94 28789  1 1331275 73494 1.3 11 8 6 8 83% 5265 103 37%
c 
c  seconds  reductions     conflicts         size  tier2     variables
c         MB      restarts        redundant     glue  trail      remaining
c          level        rate           size/glue tier1 irredundant
c 
c } 46.39 28 10 94 29882  1 1353817 83494 1.3 11 8 6 8 82% 5265 103 37%
c [ 46.39 28 16 94 29882  1 1353817 83494 1.4 19 13 8 12 83% 5265 103 37%
c - 46.62 29 16 95 29885  1 1360120 79134 1.4 19 13 8 12 83% 5265 103 37%
c p 46.64 29 16 95 29885  1 1360120 79135 1.4 19 13 8 12 83% 5265 103 37%
c u 46.73 30 16 95 29885  1 1360120 79122 1.4 19 13 8 12 83% 5265 103 37%
c v 46.75 30 16 95 29885  1 1360120 79111 1.4 19 13 8 12 83% 5265 103 37%
c w 46.75 30 16 95 29885  1 1360120 79107 1.4 19 13 8 12 83% 5265 103 37%
c x 46.77 30 16 95 29885  1 1360120 79107 1.4 19 13 8 12 83% 5209 103 37%
c O 47.30 30 17 95 29891  1 1378098 90999 1.4 20 14 8 12 83% 5209 103 37%
c - 47.78 31 17 96 29892  1 1389277 81468 1.4 20 14 8 12 82% 5209 103 37%
c u 47.81 31 17 96 29892  1 1389277 81455 1.4 20 14 8 12 82% 5209 103 37%
c v 47.83 31 17 96 29892  1 1389277 81448 1.4 20 14 8 12 82% 5209 103 37%
c w 47.83 31 17 96 29892  1 1389277 81376 1.4 20 14 8 12 82% 5209 103 37%
c x 47.84 31 17 96 29892  1 1389277 81376 1.4 20 14 8 12 82% 5158 103 37%
c i 48.62 31 16 96 29893  1 1412519 94621 1.4 19 13 8 12 82% 5158  96 35%
c - 49.03 26 16 97 29893  1 1418743 43282 1.4 19 13 8 12 82% 2731  96 35%
c 2 49.03 26 16 97 29893  1 1418743 43276 1.4 19 13 8 12 82% 2731  96 35%
c u 49.06 26 16 97 29893  1 1418743 43222 1.4 19 13 8 12 82% 2713  96 35%
c v 49.06 26 16 97 29893  1 1418743 43111 1.4 19 13 8 12 82% 2713  96 35%
c w 49.06 26 16 97 29893  1 1418743 42933 1.4 19 13 8 12 82% 2713  96 35%
c 
c  seconds  reductions     conflicts         size   tier2      variables
c         MB      restarts        redundant     glue    trail      remaining
c          level        rate           size/glue  tier1  irredundant
c 
c x 49.08 26 16 97 29893  1 1418743 42919 1.4 19 13 8 12 82% 2588  96 35%
c i 49.27 26 16 97 29893  1 1425219 46744 1.4 19 13 8 12 82% 2588  92 33%
c B 49.45 26 16 97 29895  1 1431100 50564 1.4 19 13 8 12 82% 2588  92 33%
c i 49.94 26 16 97 29904  1 1446129 58731 1.4 19 13 8 12 82% 2588  81 29%
c i 50.03 26 16 97 29906  1 1448438 59923 1.4 19 13 7 12 82% 2588  64 23%
c - 50.16 23 16 98 29906  1 1448520 5710 1.4 19 13 7 12 82% 1784  64 23%
c p 50.16 23 16 98 29906  1 1448520 5726 1.4 19 13 7 12 82% 1784  63 23%
c u 50.17 22 16 98 29906  1 1448520 5446 1.4 19 13 7 12 82% 1556  63 23%
c v 50.17 22 16 98 29906  1 1448520 4944 1.4 19 13 7 12 82% 1556  63 23%
c w 50.19 22 16 98 29906  1 1448520 4740 1.4 19 13 7 12 82% 1556  60 22%
c x 50.19 22 16 98 29906  1 1448520 4732 1.4 19 13 7 12 82%  466  60 22%
c t 50.19 22 16 98 29906  1 1448520 4730 1.4 19 13 7 12 82%  466  59 21%
c ] 50.19 22 16 98 29906  1 1448530 4735 1.4 19 13 7 12 82%  466  32 12%
c 0 50.19 23 16 98 29906  1 1448530 4735 1.4 19 13 7 12 82%  466  32 12%
c 
c --- [ closing proof ] ------------------------------------------------------
c 
c DRAT proof file 'E:/OrderedRamseyZ3_upload/proofs/n20_N24_ascii.drat' closed
c DRAT 1514359 added clauses 49.88%
c DRAT 1521733 deleted clauses 50.12%
c DRAT 211474112 bytes (201.68 MB)
c 
c --- [ result ] -------------------------------------------------------------
c 
s UNSATISFIABLE
c 
c --- [ run-time profiling ] -------------------------------------------------
c 
c process time taken by individual solving procedures
c (percentage relative to process time for solving)
c 
c        45.16   90.00% search
c        21.78   43.41% unstable
c        21.58   43.01% stable
c         5.02   10.00% simplify
c         2.42    4.83% vivify
c         1.80    3.58% walk
c         1.41    2.80% subsume
c         0.44    0.87% probe
c         0.38    0.75% sweep
c         0.09    0.19% elim
c         0.06    0.12% congruence
c         0.05    0.09% ternary
c         0.02    0.03% parse
c   =================================
c        50.17   99.97% solve
c 
c last line shows process time for solving
c (percentage relative to total process time)
c 
c --- [ statistics ] ---------------------------------------------------------
c 
c chronological:            180896        12.49 %  of conflicts
c conflicts:               1448530     28871.35    per second
c backbone:                 140189     50793.12 %  of vars
c decisions:               1636138     32610.66    per second
c eliminated:                  171        61.96 %  of all variables
c fixed:                        72        26.09 %  of all variables
c learned:                 1418879        97.95 %  per conflict
c learned_lits:           43085093       100.00 %  learned literals
c minimized:                     0         0.00 %  learned literals
c shrunken:               19584568        45.46 %  learned literals
c minishrunken:            1923407         4.46 %  learned literals
c otfs:                      11185         0.77 %  of conflict
c propagations:           20635260         0.41 M  per second
c reduced:                  556738        38.43 %  per conflict
c rephased:                     53     27330.75    interval
c restarts:                  29906        48.44    interval
c stabilizing:                  14        47.15 %  of conflicts
c subsumed:                 758416        52.88 %  of all clauses
c strengthened:              51983         3.62 %  of all clauses
c ticks:                2673365851       133.70    propagation
c vivified:                  11497         0.80 %  of all clauses
c walked:                       16     90533.12    interval
c weakened:                   1644         2.01    average size
c 
c seconds are measured in process time for solving
c 
c --- [ glue usage ] ---------------------------------------------------------
c 
c focused glue 6 used 390231 clauses 14.79% accumulated 62.09% tier1
c focused glue 7 used 311649 clauses 11.81% accumulated 73.91%
c focused glue 8 used 236379 clauses 8.963% accumulated 82.87% tier2
c 
c stable glue 7 used 245332 clauses 8.209% accumulated 52.26% tier1
c stable glue 8 used 240901 clauses 8.061% accumulated 60.33%
c stable glue 9-10 used 410497 clauses 13.73% accumulated 74.06%
c stable glue 11 used 159864 clauses 5.349% accumulated 79.41%
c stable glue 12 used 130651 clauses 4.372% accumulated 83.78% tier2
c 
c 
c --- [ resources ] ----------------------------------------------------------
c 
c total process time since initialization:        50.19    seconds
c total real time since initialization:           50.36    seconds
c maximum resident set size of process:           39.67    MB
c 
c --- [ shutting down ] ------------------------------------------------------
c 
c exit 20
