c --- [ banner ] -------------------------------------------------------------
c 
c CaDiCaL SAT Solver
c Copyright (c) 2016-2026
c A. Biere, M. Fleury, N. Froleyks, K. Fazekas, F. Pollitt, T. Faller
c JKU Linz, University of Freiburg, TU Wien
c 
c Version 3.0.1
c g++.exe (Rev3, Built by MSYS2 project) 16.2.0 -Wall -Wextra -O3 -DNDEBUG -DNUNLOCKED -DNCLOSEFROM
c Sat Aug 29 18:00:44 CST 2026 MINGW64_NT-10.0-26200 LAPTOP-TRJ5SOMK 3.6.10-8fbd9808.x86_64 x86_64
c 
c --- [ proof tracing ] ------------------------------------------------------
c 
c opening file to write 'E:/OrderedRamseyZ3/proofs/n3_N5_ascii.drat'
c writing non-binary proof trace to 'E:/OrderedRamseyZ3/proofs/n3_N5_ascii.drat'
c 
c --- [ parsing input ] ------------------------------------------------------
c 
c reading DIMACS file from 'E:/OrderedRamseyZ3/cnf/n3_N5.cnf'
c opening file to read 'E:/OrderedRamseyZ3/cnf/n3_N5.cnf'
c found 'p cnf 10 20' header
c parsed 20 clauses in 0.00 seconds process time
c 
c --- [ options ] ------------------------------------------------------------
c 
c   --binary=false                 (different from default 'true')
c 
c --- [ solving ] ------------------------------------------------------------
c 
c time measured in process time since initialization
c 
c  seconds  reduction conflicts       size tier2     variables
c         MB    restarts   redundant    glue  trail      remaining
c          level     rate       size/glu tier1 irredundant
c 
c *  0.00  6  0 0   0  0    0    0 0.0 0 0 2 6  0%   20  10 100%
c l  0.00  6  0 0   0  0    0    0 0.0 1 0 2 6 100%   20   0  0%
c 0  0.00  6  0 0   0  0    0    0 0.0 1 0 2 6 100%   20   0  0%
c 
c --- [ closing proof ] ------------------------------------------------------
c 
c DRAT proof file 'E:/OrderedRamseyZ3/proofs/n3_N5_ascii.drat' closed
c DRAT 11 added clauses 100.00%
c DRAT 0 deleted clauses 0.00%
c DRAT 49 bytes (0.00 MB)
c 
c --- [ result ] -------------------------------------------------------------
c 
s UNSATISFIABLE
c 
c --- [ run-time profiling ] -------------------------------------------------
c 
c process time taken by individual solving procedures
c (percentage relative to process time for solving)
c 
c         0.00    0.00% parse
c         0.00    0.00% search
c         0.00    0.00% simplify
c   =================================
c         0.00    0.00% solve
c 
c last line shows process time for solving
c (percentage relative to total process time)
c 
c --- [ statistics ] ---------------------------------------------------------
c 
c fixed:                        10       100.00 %  of all variables
c learned_lits:                  2       100.00 %  learned literals
c minimized:                     0         0.00 %  learned literals
c shrunken:                      0         0.00 %  learned literals
c minishrunken:                  0         0.00 %  learned literals
c propagations:                  0         0.00 M  per second
c ticks:                         0         0.00    propagation
c 
c seconds are measured in process time for solving
c 
c --- [ glue usage ] ---------------------------------------------------------
c 
c focused glue 2 used 0 clauses 0.000% accumulated 0.000% tier1
c focused glue 3 used 0 clauses 0.000% accumulated 0.000%
c focused glue 4 used 0 clauses 0.000% accumulated 0.000%
c focused glue 5 used 0 clauses 0.000% accumulated 0.000%
c focused glue 6 used 0 clauses 0.000% accumulated 0.000% tier2
c 
c stable glue 2 used 0 clauses 0.000% accumulated 0.000% tier1
c stable glue 3 used 0 clauses 0.000% accumulated 0.000%
c stable glue 4 used 0 clauses 0.000% accumulated 0.000%
c stable glue 5 used 0 clauses 0.000% accumulated 0.000%
c stable glue 6 used 0 clauses 0.000% accumulated 0.000% tier2
c 
c 
c --- [ resources ] ----------------------------------------------------------
c 
c total process time since initialization:         0.00    seconds
c total real time since initialization:            0.00    seconds
c maximum resident set size of process:            5.67    MB
c 
c --- [ shutting down ] ------------------------------------------------------
c 
c exit 20
