c --- [ banner ] -------------------------------------------------------------
c 
c CaDiCaL SAT Solver
c Copyright (c) 2016-2026
c A. Biere, M. Fleury, N. Froleyks, K. Fazekas, F. Pollitt, T. Faller
c JKU Linz, University of Freiburg, TU Wien
c 
c Version 3.0.1
c g++.exe (Rev3, Built by MSYS2 project) 16.2.0 -Wall -Wextra -O3 -DNDEBUG -DNUNLOCKED -DNCLOSEFROM
c Sat Aug 29 18:00:44 CST 2026 MINGW64_NT-10.0-26200 LAPTOP-TRJ5SOMK 3.6.10-8fbd9808.x86_64 x86_64
c 
c --- [ proof tracing ] ------------------------------------------------------
c 
c opening file to write 'E:/OrderedRamseyZ3/proofs/n5_N7_ascii.drat'
c writing non-binary proof trace to 'E:/OrderedRamseyZ3/proofs/n5_N7_ascii.drat'
c 
c --- [ parsing input ] ------------------------------------------------------
c 
c reading DIMACS file from 'E:/OrderedRamseyZ3/cnf/n5_N7.cnf'
c opening file to read 'E:/OrderedRamseyZ3/cnf/n5_N7.cnf'
c found 'p cnf 21 56' header
c parsed 56 clauses in 0.00 seconds process time
c 
c --- [ options ] ------------------------------------------------------------
c 
c   --binary=false                 (different from default 'true')
c 
c --- [ solving ] ------------------------------------------------------------
c 
c time measured in process time since initialization
c 
c  seconds  reduction conflicts       size tier2     variables
c         MB    restarts   redundant    glue  trail      remaining
c          level     rate       size/glu tier1 irredundant
c 
c *  0.00  6  0 0   0  0    0    0 0.0 0 0 2 6  0%   56  20 95%
c )  0.00  6  0 0   0  0    0    0 0.0 0 0 2 6  0%   56  20 95%
c {  0.00  6  0 0   0  0    0    0 0.0 0 0 2 6  0%   56  20 95%
c i  0.00  6  4 0   0  1    6    3 2.0 2 1 2 6 78%   56  19 90%
c i  0.00  6  3 0   0  1    7    3 2.3 2 1 2 6 81%   56  18 86%
c }  0.00  6  3 0   0  1   13    6 2.1 2 1 2 6 84%   56   1  5%
c 0  0.00  6  3 0   0  1   13    6 2.1 2 1 2 6 84%   56   1  5%
c 
c --- [ closing proof ] ------------------------------------------------------
c 
c DRAT proof file 'E:/OrderedRamseyZ3/proofs/n5_N7_ascii.drat' closed
c DRAT 29 added clauses 90.62%
c DRAT 3 deleted clauses 9.38%
c DRAT 243 bytes (0.00 MB)
c 
c --- [ result ] -------------------------------------------------------------
c 
s UNSATISFIABLE
c 
c --- [ run-time profiling ] -------------------------------------------------
c 
c process time taken by individual solving procedures
c (percentage relative to process time for solving)
c 
c         0.00    0.00% parse
c         0.00    0.00% search
c         0.00    0.00% simplify
c   =================================
c         0.00    0.00% solve
c 
c last line shows process time for solving
c (percentage relative to total process time)
c 
c --- [ statistics ] ---------------------------------------------------------
c 
c chronological:                 4        30.77 %  of conflicts
c conflicts:                    13         0.00    per second
c decisions:                    13         0.00    per second
c fixed:                        19        90.48 %  of all variables
c learned:                       9        69.23 %  per conflict
c learned_lits:                 21       100.00 %  learned literals
c minimized:                     0         0.00 %  learned literals
c shrunken:                      4        19.05 %  learned literals
c minishrunken:                  0         0.00 %  learned literals
c otfs:                          3        23.08 %  of conflict
c propagations:                111         0.00 M  per second
c strengthened:                  3         4.84 %  of all clauses
c ticks:                       505         4.55    propagation
c 
c seconds are measured in process time for solving
c 
c --- [ glue usage ] ---------------------------------------------------------
c 
c focused glue 1 used 7 clauses 87.50% accumulated 87.50% tier1
c focused glue 2 used 1 clauses 12.50% accumulated 100.0% tier2
c 
c stable glue 2 used 0 clauses 0.000% accumulated 0.000% tier1
c stable glue 3 used 0 clauses 0.000% accumulated 0.000%
c stable glue 4 used 0 clauses 0.000% accumulated 0.000%
c stable glue 5 used 0 clauses 0.000% accumulated 0.000%
c stable glue 6 used 0 clauses 0.000% accumulated 0.000% tier2
c 
c 
c --- [ resources ] ----------------------------------------------------------
c 
c total process time since initialization:         0.00    seconds
c total real time since initialization:            0.00    seconds
c maximum resident set size of process:            5.76    MB
c 
c --- [ shutting down ] ------------------------------------------------------
c 
c exit 20
