c --- [ banner ] -------------------------------------------------------------
c 
c CaDiCaL SAT Solver
c Copyright (c) 2016-2026
c A. Biere, M. Fleury, N. Froleyks, K. Fazekas, F. Pollitt, T. Faller
c JKU Linz, University of Freiburg, TU Wien
c 
c Version 3.0.1
c g++.exe (Rev3, Built by MSYS2 project) 16.2.0 -Wall -Wextra -O3 -DNDEBUG -DNUNLOCKED -DNCLOSEFROM
c Sat Aug 29 18:00:44 CST 2026 MINGW64_NT-10.0-26200 LAPTOP-TRJ5SOMK 3.6.10-8fbd9808.x86_64 x86_64
c 
c --- [ proof tracing ] ------------------------------------------------------
c 
c opening file to write 'E:/OrderedRamseyZ3_upload/proofs/n8_N11_ascii.drat'
c writing non-binary proof trace to 'E:/OrderedRamseyZ3_upload/proofs/n8_N11_ascii.drat'
c 
c --- [ parsing input ] ------------------------------------------------------
c 
c reading DIMACS file from 'E:/OrderedRamseyZ3_upload/cnf/n8_N11.cnf'
c opening file to read 'E:/OrderedRamseyZ3_upload/cnf/n8_N11.cnf'
c found 'p cnf 55 330' header
c parsed 330 clauses in 0.00 seconds process time
c 
c --- [ options ] ------------------------------------------------------------
c 
c   --binary=false                 (different from default 'true')
c 
c --- [ solving ] ------------------------------------------------------------
c 
c time measured in process time since initialization
c 
c  seconds  reduction conflicts       size tier2     variables
c         MB    restarts   redundant    glue  trail      remaining
c          level     rate       size/glu tier1 irredundant
c 
c *  0.00  6  0 0   0  0    0    0 0.0 0 0 2 6  0%  330  54 98%
c )  0.00  6  0 0   0  0    0    0 0.0 0 0 2 6  0%  330  54 98%
c {  0.00  6  0 0   0  0    0    0 0.0 0 0 2 6  0%  330  54 98%
c i  0.00  6 14 0   0  1  147   79 1.6 6 4 2 6 84%  330  49 89%
c i  0.00  6 14 0   0  1  157   85 1.6 6 3 2 6 84%  330  48 87%
c }  0.00  6 14 0   0  1  168   83 1.6 5 3 2 6 84%  330  24 44%
c 0  0.00  6 14 0   0  1  168   83 1.6 5 3 2 6 84%  330  24 44%
c 
c --- [ closing proof ] ------------------------------------------------------
c 
c DRAT proof file 'E:/OrderedRamseyZ3_upload/proofs/n8_N11_ascii.drat' closed
c DRAT 194 added clauses 70.80%
c DRAT 80 deleted clauses 29.20%
c DRAT 6101 bytes (0.01 MB)
c 
c --- [ result ] -------------------------------------------------------------
c 
s UNSATISFIABLE
c 
c --- [ run-time profiling ] -------------------------------------------------
c 
c process time taken by individual solving procedures
c (percentage relative to process time for solving)
c 
c         0.00    0.00% parse
c         0.00    0.00% search
c         0.00    0.00% simplify
c   =================================
c         0.00    0.00% solve
c 
c last line shows process time for solving
c (percentage relative to total process time)
c 
c --- [ statistics ] ---------------------------------------------------------
c 
c chronological:                24        14.29 %  of conflicts
c conflicts:                   168         0.00    per second
c decisions:                   180         0.00    per second
c fixed:                        30        54.55 %  of all variables
c learned:                     143        85.12 %  per conflict
c learned_lits:               1039       100.00 %  learned literals
c minimized:                     0         0.00 %  learned literals
c shrunken:                    245        23.58 %  learned literals
c minishrunken:                 10         0.96 %  learned literals
c otfs:                         26        15.48 %  of conflict
c propagations:               2223         0.00 M  per second
c subsumed:                     60        12.77 %  of all clauses
c strengthened:                 23         4.89 %  of all clauses
c ticks:                     14690         6.61    propagation
c 
c seconds are measured in process time for solving
c 
c --- [ glue usage ] ---------------------------------------------------------
c 
c focused glue 2 used 74 clauses 27.00% accumulated 58.39% tier1
c focused glue 3 used 51 clauses 18.61% accumulated 77.00% tier2
c 
c stable glue 2 used 0 clauses 0.000% accumulated 0.000% tier1
c stable glue 3 used 0 clauses 0.000% accumulated 0.000%
c stable glue 4 used 0 clauses 0.000% accumulated 0.000%
c stable glue 5 used 0 clauses 0.000% accumulated 0.000%
c stable glue 6 used 0 clauses 0.000% accumulated 0.000% tier2
c 
c 
c --- [ resources ] ----------------------------------------------------------
c 
c total process time since initialization:         0.00    seconds
c total real time since initialization:            0.00    seconds
c maximum resident set size of process:            5.80    MB
c 
c --- [ shutting down ] ------------------------------------------------------
c 
c exit 20
